 addon

 Timestamp is 5a9519a5 (Tue Feb 27 10:41:09 2018)

 Preferred load address is 0000000180000000

 Start         Length     Name                   Class
 0001:00000000 00000013H .text$di                CODE
 0001:00000020 0000b03fH .text$mn                CODE
 0001:0000b060 0000023bH .text$x                 CODE
 0002:00000000 00000220H .idata$5                DATA
 0002:00000220 00000008H .CRT$XCA                DATA
 0002:00000228 00000018H .CRT$XCU                DATA
 0002:00000240 00000008H .CRT$XCZ                DATA
 0002:00000248 00000008H .CRT$XIA                DATA
 0002:00000250 00000020H .CRT$XIC                DATA
 0002:00000270 00000008H .CRT$XIZ                DATA
 0002:00000278 00000008H .CRT$XPA                DATA
 0002:00000280 00000010H .CRT$XPX                DATA
 0002:00000290 00000008H .CRT$XPXA               DATA
 0002:00000298 00000008H .CRT$XPZ                DATA
 0002:000002a0 00000008H .CRT$XTA                DATA
 0002:000002a8 00000008H .CRT$XTZ                DATA
 0002:000002b0 00005210H .rdata                  DATA
 0002:000054c0 00000070H .rdata$debug            DATA
 0002:00005530 00000008H .rtc$IAA                DATA
 0002:00005538 00000008H .rtc$IZZ                DATA
 0002:00005540 00000008H .rtc$TAA                DATA
 0002:00005548 00000008H .rtc$TZZ                DATA
 0002:00005550 00000858H .xdata                  DATA
 0002:00005da8 00000020H .didat$2                DATA
 0002:00005dc8 00000020H .didat$3                DATA
 0002:00005de8 00000050H .didat$4                DATA
 0002:00005e38 0000026aH .didat$6                DATA
 0002:000060a8 00000050H .didat$7                DATA
 0002:00006100 0000004eH .edata                  DATA
 0002:00006150 00000014H .idata$2                DATA
 0002:00006164 00000014H .idata$3                DATA
 0002:00006178 00000220H .idata$4                DATA
 0002:00006398 000004ecH .idata$6                DATA
 0003:00000000 000017f8H .data                   DATA
 0003:000017f8 00000050H .didat$5                DATA
 0003:00001860 000023d8H .bss                    DATA
 0004:00000000 00000918H .pdata                  DATA
 0005:00000000 00000058H .rsrc$01                DATA
 0005:00000060 00000180H .rsrc$02                DATA

  Address         Publics by Value              Rva+Base               Lib:Object

 0000:00000000       __guard_fids_count         0000000000000000     <absolute>
 0000:00000000       __guard_flags              0000000000000000     <absolute>
 0000:00000000       __guard_fids_table         0000000000000000     <absolute>
 0000:00000000       ___safe_se_handler_count   0000000000000000     <absolute>
 0000:00000000       ___safe_se_handler_table   0000000000000000     <absolute>
 0000:00000000       __ImageBase                0000000180000000     <linker-defined>
 0001:00000020       ?NODE_SET_METHOD@node@@YAXV?$Local@VObject@v8@@@v8@@PEBDP6AXAEBV?$FunctionCallbackInfo@VValue@v8@@@3@@Z@Z 0000000180001020 f i hello.obj
 0001:000000f0       ?Method@demo@@YAXAEBV?$FunctionCallbackInfo@VValue@v8@@@v8@@@Z 00000001800010f0 f   hello.obj
 0001:00000140       ?init@demo@@YAXV?$Local@VObject@v8@@@v8@@@Z 0000000180001140 f   hello.obj
 0001:000001ac       __imp_load_node_module_register 00000001800011ac f   node:node.exe
 0001:000001b8       __tailMerge_node_exe       00000001800011b8 f i node:node.exe
 0001:00000231       __imp_load_?GetFunction@FunctionTemplate@v8@@QEAA?AV?$Local@VFunction@v8@@@2@XZ 0000000180001231 f   node:node.exe
 0001:0000023d       __imp_load_?New@FunctionTemplate@v8@@SA?AV?$Local@VFunctionTemplate@v8@@@2@PEAVIsolate@2@P6AXAEBV?$FunctionCallbackInfo@VValue@v8@@@2@@ZV?$Local@VValue@v8@@@2@V?$Local@VSignature@v8@@@2@HW4ConstructorBehavior@2@@Z 000000018000123d f   node:node.exe
 0001:00000249       __imp_load_?NewFromUtf8@String@v8@@SA?AV?$Local@VString@v8@@@2@PEAVIsolate@2@PEBDW4NewStringType@12@H@Z 0000000180001249 f   node:node.exe
 0001:00000255       __imp_load_??1HandleScope@v8@@QEAA@XZ 0000000180001255 f   node:node.exe
 0001:00000261       __imp_load_??0HandleScope@v8@@QEAA@PEAVIsolate@1@@Z 0000000180001261 f   node:node.exe
 0001:0000026d       __imp_load_?Set@Object@v8@@QEAA_NV?$Local@VValue@v8@@@2@0@Z 000000018000126d f   node:node.exe
 0001:00000279       __imp_load_?SetName@Function@v8@@QEAAXV?$Local@VString@v8@@@2@@Z 0000000180001279 f   node:node.exe
 0001:00000285       __imp_load_?GetCurrent@Isolate@v8@@SAPEAV12@XZ 0000000180001285 f   node:node.exe
 0001:000002b0       __security_check_cookie    00000001800012b0 f   LIBCMT:amdsecgs.obj
 0001:000002d0       ??0_LocaleUpdate@@QEAA@PEAUlocaleinfo_struct@@@Z 00000001800012d0 f i LIBCMT:stricmp.obj
 0001:00000378       __ascii_stricmp            0000000180001378 f   LIBCMT:stricmp.obj
 0001:000003b4       _stricmp                   00000001800013b4 f   LIBCMT:stricmp.obj
 0001:000003fc       _stricmp_l                 00000001800013fc f   LIBCMT:stricmp.obj
 0001:000004b0       _CRT_INIT                  00000001800014b0 f   LIBCMT:dllcrt0.obj
 0001:00000610       _DllMainCRTStartup         0000000180001610 f   LIBCMT:dllcrt0.obj
 0001:00000770       __raise_securityfailure    0000000180001770 f   LIBCMT:gs_report.obj
 0001:000007bc       __report_gsfailure         00000001800017bc f   LIBCMT:gs_report.obj
 0001:00000890       _fpmath                    0000000180001890 f   LIBCMT:fpinit.obj
 0001:00000898       _cfltcvt_init              0000000180001898 f   LIBCMT:fpinit.obj
 0001:00000920       _call_reportfault          0000000180001920 f   LIBCMT:invarg.obj
 0001:00000a14       _initp_misc_invarg         0000000180001a14 f   LIBCMT:invarg.obj
 0001:00000a1c       _invalid_parameter         0000000180001a1c f   LIBCMT:invarg.obj
 0001:00000a84       _invalid_parameter_noinfo  0000000180001a84 f   LIBCMT:invarg.obj
 0001:00000aa4       _invoke_watson             0000000180001aa4 f   LIBCMT:invarg.obj
 0001:00000ae0       __addlocaleref             0000000180001ae0 f   LIBCMT:localref.obj
 0001:00000b6c       __freetlocinfo             0000000180001b6c f   LIBCMT:localref.obj
 0001:00000d04       __removelocaleref          0000000180001d04 f   LIBCMT:localref.obj
 0001:00000da8       __updatetlocinfo           0000000180001da8 f   LIBCMT:localref.obj
 0001:00000e20       _updatetlocinfoEx_nolock   0000000180001e20 f   LIBCMT:localref.obj
 0001:00000e84       __initmbctable             0000000180001e84 f   LIBCMT:mbctype.obj
 0001:000011a0       __updatetmbcinfo           00000001800021a0 f   LIBCMT:mbctype.obj
 0001:0000125c       _setmbcp                   000000018000225c f   LIBCMT:mbctype.obj
 0001:000014a0       _setmbcp_nolock            00000001800024a0 f   LIBCMT:mbctype.obj
 0001:00001750       _tolower_l                 0000000180002750 f   LIBCMT:tolower.obj
 0001:000018a4       tolower                    00000001800028a4 f   LIBCMT:tolower.obj
 0001:000018c4       _freefls                   00000001800028c4 f   LIBCMT:tidtable.obj
 0001:000019f8       _freeptd                   00000001800029f8 f   LIBCMT:tidtable.obj
 0001:00001a34       _getptd                    0000000180002a34 f   LIBCMT:tidtable.obj
 0001:00001a58       _getptd_noexit             0000000180002a58 f   LIBCMT:tidtable.obj
 0001:00001adc       _initptd                   0000000180002adc f   LIBCMT:tidtable.obj
 0001:00001ba0       _mtinit                    0000000180002ba0 f   LIBCMT:tidtable.obj
 0001:00001c20       _mtterm                    0000000180002c20 f   LIBCMT:tidtable.obj
 0001:00001c44       __doserrno                 0000000180002c44 f   LIBCMT:dosmap.obj
 0001:00001c64       _dosmaperr                 0000000180002c64 f   LIBCMT:dosmap.obj
 0001:00001cb4       _errno                     0000000180002cb4 f   LIBCMT:dosmap.obj
 0001:00001cd4       _get_errno_from_oserr      0000000180002cd4 f   LIBCMT:dosmap.obj
 0001:00001d24       _locterm                   0000000180002d24 f   LIBCMT:wsetloca.obj
 0001:00001d6c       _XcptFilter                0000000180002d6c f   LIBCMT:winxfltr.obj
 0001:00001f38       __CppXcptFilter            0000000180002f38 f   LIBCMT:winxfltr.obj
 0001:00001f4c       __crtCorExitProcess        0000000180002f4c f   LIBCMT:crt0dat.obj
 0001:00001f90       __crtExitProcess           0000000180002f90 f   LIBCMT:crt0dat.obj
 0001:00001fa8       __freeCrtMemory            0000000180002fa8 f   LIBCMT:crt0dat.obj
 0001:000020f0       _amsg_exit                 00000001800030f0 f   LIBCMT:crt0dat.obj
 0001:00002118       _cexit                     0000000180003118 f   LIBCMT:crt0dat.obj
 0001:00002128       _cinit                     0000000180003128 f   LIBCMT:crt0dat.obj
 0001:000021c0       _exit                      00000001800031c0 f   LIBCMT:crt0dat.obj
 0001:000021cc       _init_pointers             00000001800031cc f   LIBCMT:crt0dat.obj
 0001:00002278       _initterm_e                0000000180003278 f   LIBCMT:crt0dat.obj
 0001:000022b4       _lockexit                  00000001800032b4 f   LIBCMT:crt0dat.obj
 0001:000022c0       _unlockexit                00000001800032c0 f   LIBCMT:crt0dat.obj
 0001:00002464       _heap_init                 0000000180003464 f   LIBCMT:heapinit.obj
 0001:00002484       _heap_term                 0000000180003484 f   LIBCMT:heapinit.obj
 0001:00002490       _ioinit                    0000000180003490 f   LIBCMT:ioinit.obj
 0001:000027c0       _ioterm                    00000001800037c0 f   LIBCMT:ioinit.obj
 0001:00002834       _setargv                   0000000180003834 f   LIBCMT:stdargv.obj
 0001:00002af0       _setenvp                   0000000180003af0 f   LIBCMT:stdenvp.obj
 0001:00002c24       free                       0000000180003c24 f   LIBCMT:free.obj
 0001:00002c64       __security_init_cookie     0000000180003c64 f   LIBCMT:gs_support.obj
 0001:00002d10       DllMain                    0000000180003d10 f   LIBCMT:dllmain.obj
 0001:00002d18       __crtGetEnvironmentStringsA 0000000180003d18 f   LIBCMT:a_env.obj
 0001:00002e0c       __crtCaptureCurrentContext 0000000180003e0c f   LIBCMT:winapisupp.obj
 0001:00002e7c       __crtCapturePreviousContext 0000000180003e7c f   LIBCMT:winapisupp.obj
 0001:00002ef0       __crtFlsAlloc              0000000180003ef0 f   LIBCMT:winapisupp.obj
 0001:00002f0c       __crtFlsFree               0000000180003f0c f   LIBCMT:winapisupp.obj
 0001:00002f28       __crtFlsGetValue           0000000180003f28 f   LIBCMT:winapisupp.obj
 0001:00002f44       __crtFlsSetValue           0000000180003f44 f   LIBCMT:winapisupp.obj
 0001:00002f60       __crtInitializeCriticalSectionEx 0000000180003f60 f   LIBCMT:winapisupp.obj
 0001:00002f8c       __crtIsPackagedApp         0000000180003f8c f   LIBCMT:winapisupp.obj
 0001:00002fd8       __crtLoadWinApiPointers    0000000180003fd8 f   LIBCMT:winapisupp.obj
 0001:000033d4       __crtSleep                 00000001800043d4 f   LIBCMT:winapisupp.obj
 0001:000033dc       __crtTerminateProcess      00000001800043dc f   LIBCMT:winapisupp.obj
 0001:000033fc       __crtUnhandledException    00000001800043fc f   LIBCMT:winapisupp.obj
 0001:0000341c       _calloc_crt                000000018000441c f   LIBCMT:crtheap.obj
 0001:0000349c       _malloc_crt                000000018000449c f   LIBCMT:crtheap.obj
 0001:00003518       _realloc_crt               0000000180004518 f   LIBCMT:crtheap.obj
 0001:0000359c       _RTC_Initialize            000000018000459c f   LIBCMT:initsect.obj
 0001:000035d4       _RTC_Terminate             00000001800045d4 f   LIBCMT:initsect.obj
 0001:0000360c       __C_specific_handler       000000018000460c f   LIBCMT:chandler.obj
 0001:000037f0       __crt_debugger_hook        00000001800047f0 f   LIBCMT:dbghook.obj
 0001:00003810       _get_fpsr                  0000000180004810 f   LIBCMT:fpsr.obj
 0001:00003820       _set_fpsr                  0000000180004820 f   LIBCMT:fpsr.obj
 0001:0000382a       _fclrf                     000000018000482a f   LIBCMT:fpsr.obj
 0001:0000383e       _frnd                      000000018000483e f   LIBCMT:fpsr.obj
 0001:00003860       __GSHandlerCheck           0000000180004860 f   LIBCMT:gshandler.obj
 0001:00003880       __GSHandlerCheckCommon     0000000180004880 f   LIBCMT:gshandler.obj
 0001:000038e4       _cfltcvt                   00000001800048e4 f   LIBCMT:cvt.obj
 0001:00003908       _cfltcvt_l                 0000000180004908 f   LIBCMT:cvt.obj
 0001:00003988       _cftoa_l                   0000000180004988 f   LIBCMT:cvt.obj
 0001:00003f34       _cftoe_l                   0000000180004f34 f   LIBCMT:cvt.obj
 0001:00004190       _cftof_l                   0000000180005190 f   LIBCMT:cvt.obj
 0001:00004264       _cftog_l                   0000000180005264 f   LIBCMT:cvt.obj
 0001:00004398       _cropzeros                 0000000180005398 f   LIBCMT:cvt.obj
 0001:000043a0       _cropzeros_l               00000001800053a0 f   LIBCMT:cvt.obj
 0001:00004438       _fassign                   0000000180005438 f   LIBCMT:cvt.obj
 0001:00004440       _fassign_l                 0000000180005440 f   LIBCMT:cvt.obj
 0001:00004480       _forcdecpt                 0000000180005480 f   LIBCMT:cvt.obj
 0001:00004488       _forcdecpt_l               0000000180005488 f   LIBCMT:cvt.obj
 0001:00004508       _positive                  0000000180005508 f   LIBCMT:cvt.obj
 0001:0000451c       _initp_misc_cfltcvt_tab    000000018000551c f   LIBCMT:cmiscdat.obj
 0001:00004570       memset                     0000000180005570 f   LIBCMT:memset.obj
 0001:0000479c       _lock                      000000018000579c f   LIBCMT:mlock.obj
 0001:000047e0       _mtdeletelocks             00000001800057e0 f   LIBCMT:mlock.obj
 0001:00004868       _mtinitlocknum             0000000180005868 f   LIBCMT:mlock.obj
 0001:00004928       _mtinitlocks               0000000180005928 f   LIBCMT:mlock.obj
 0001:0000498c       _unlock                    000000018000598c f   LIBCMT:mlock.obj
 0001:000049a4       __free_lconv_mon           00000001800059a4 f   LIBCMT:initmon.obj
 0001:00004ab0       __free_lconv_num           0000000180005ab0 f   LIBCMT:initnum.obj
 0001:00004b1c       __free_lc_time             0000000180005b1c f   LIBCMT:inittime.obj
 0001:00005204       __crtLCMapStringA          0000000180006204 f   LIBCMT:a_map.obj
 0001:00005414       __crtGetStringTypeA        0000000180006414 f   LIBCMT:a_str.obj
 0001:00005490       _isctype_l                 0000000180006490 f   LIBCMT:isctype.obj
 0001:0000556c       _isleadbyte_l              000000018000656c f i LIBCMT:_wctype.obj
 0001:000055b0       isleadbyte                 00000001800065b0 f i LIBCMT:_wctype.obj
 0001:00005610       memcmp                     0000000180006610 f   LIBCMT:memcmp.obj
 0001:000056f0       memmove                    00000001800066f0 f   LIBCMT:memcpy.obj
 0001:000056f0       memcpy                     00000001800066f0 f   LIBCMT:memcpy.obj
 0001:00005c58       wcscat_s                   0000000180006c58 f   LIBCMT:wcscat_s.obj
 0001:00005ce0       wcscpy_s                   0000000180006ce0 f   LIBCMT:wcscpy_s.obj
 0001:00005d4c       wcslen                     0000000180006d4c f   LIBCMT:wcslen.obj
 0001:00005d68       wcsncpy_s                  0000000180006d68 f   LIBCMT:wcsncpy_s.obj
 0001:00005e34       GetTableIndexFromLocaleName 0000000180006e34 f   LIBCMT:winapinls.obj
 0001:00005ec0       __crtDownlevelLocaleNameToLCID 0000000180006ec0 f   LIBCMT:winapinls.obj
 0001:00005ef4       __crtLCMapStringEx         0000000180006ef4 f   LIBCMT:winapinls.obj
 0001:00005f84       __wcsnicmp_ascii           0000000180006f84 f   LIBCMT:winapinls.obj
 0001:00005fdc       _FF_MSGBANNER              0000000180006fdc f   LIBCMT:crt0msg.obj
 0001:00006020       _GET_RTERRMSG              0000000180007020 f   LIBCMT:crt0msg.obj
 0001:00006050       _NMSG_WRITE                0000000180007050 f   LIBCMT:crt0msg.obj
 0001:000062c0       _FindPESection             00000001800072c0 f   LIBCMT:pesect.obj
 0001:00006310       _IsNonwritableInCurrentImage 0000000180007310 f   LIBCMT:pesect.obj
 0001:00006360       _ValidateImageBase         0000000180007360 f   LIBCMT:pesect.obj
 0001:00006390       __onexitinit               0000000180007390 f   LIBCMT:onexit.obj
 0001:000063d4       _onexit                    00000001800073d4 f   LIBCMT:onexit.obj
 0001:000064e0       atexit                     00000001800074e0 f   LIBCMT:onexit.obj
 0001:000064f8       ?terminate@@YAXXZ          00000001800074f8 f   LIBCMT:hooks.obj
 0001:00006518       _initp_eh_hooks            0000000180007518 f   LIBCMT:hooks.obj
 0001:00006538       _callnewh                  0000000180007538 f   LIBCMT:handler.obj
 0001:0000656c       _initp_heap_handler        000000018000756c f   LIBCMT:handler.obj
 0001:00006574       _initp_misc_purevirt       0000000180007574 f   LIBCMT:inithelp.obj
 0001:0000657c       __get_sigabrt              000000018000757c f   LIBCMT:winsig.obj
 0001:0000658c       _initp_misc_winsig         000000018000758c f   LIBCMT:winsig.obj
 0001:000065ac       raise                      00000001800075ac f   LIBCMT:winsig.obj
 0001:000067e0       _initp_misc_rand_s         00000001800077e0 f   LIBCMT:rand_s.obj
 0001:00006800       _local_unwind              0000000180007800 f   LIBCMT:jmpuwind.obj
 0001:00006830       _NLG_Notify                0000000180007830 f   LIBCMT:jmpuwind.obj
 0001:00006850       __NLG_Dispatch2            0000000180007850 f   LIBCMT:jmpuwind.obj
 0001:00006860       __NLG_Return2              0000000180007860 f   LIBCMT:jmpuwind.obj
 0001:00006864       __initstdio                0000000180007864 f   LIBCMT:_file.obj
 0001:000068fc       __endstdio                 00000001800078fc f   LIBCMT:_file.obj
 0001:0000692c       _lock_file                 000000018000792c f   LIBCMT:_file.obj
 0001:00006994       _lock_file2                0000000180007994 f   LIBCMT:_file.obj
 0001:000069c8       _unlock_file               00000001800079c8 f   LIBCMT:_file.obj
 0001:00006a18       _unlock_file2              0000000180007a18 f   LIBCMT:_file.obj
 0001:00006ab4       _ismbblead                 0000000180007ab4 f   LIBCMT:ismbbyte.obj
 0001:00006ac8       strcpy_s                   0000000180007ac8 f   LIBCMT:strcpy_s.obj
 0001:00006b40       strlen                     0000000180007b40 f   LIBCMT:strlen.obj
 0001:00006be8       malloc                     0000000180007be8 f   LIBCMT:malloc.obj
 0001:00006ca0       realloc                    0000000180007ca0 f   LIBCMT:realloc.obj
 0001:00006d74       _calloc_impl               0000000180007d74 f   LIBCMT:calloc_impl.obj
 0001:00006e10       isdigit                    0000000180007e10 f i LIBCMT:_ctype.obj
 0001:00006e8c       strrchr                    0000000180007e8c f   LIBCMT:strrchr.obj
 0001:00006fd0       _fptostr                   0000000180007fd0 f   LIBCMT:_fptostr.obj
 0001:0000709c       __crt_atoflt_l             000000018000809c f   LIBCMT:atodbl.obj
 0001:0000716c       _atodbl_l                  000000018000816c f   LIBCMT:atodbl.obj
 0001:00007234       _atoflt_l                  0000000180008234 f   LIBCMT:atodbl.obj
 0001:0000723c       __dtold                    000000018000823c f   LIBCMT:cfout.obj
 0001:0000730c       _fltout2                   000000018000830c f   LIBCMT:cfout.obj
 0001:000073c4       _fptrap                    00000001800083c4 f   LIBCMT:crt0fp.obj
 0001:000073d0       __isa_available_init       00000001800083d0 f   LIBCMT:cpu_disp.obj
 0001:00007590       _alloca_probe              0000000180008590 f   LIBCMT:chkstk.obj
 0001:00007590       __chkstk                   0000000180008590 f   LIBCMT:chkstk.obj
 0001:000075e0       _set_error_mode            00000001800085e0 f   LIBCMT:errmode.obj
 0001:00007620       __crtMessageBoxW           0000000180008620 f   LIBCMT:crtmboxw.obj
 0001:00007894       _msize                     0000000180008894 f   LIBCMT:msize.obj
 0001:000078d0       abort                      00000001800088d0 f   LIBCMT:abort.obj
 0001:00007928       _fileno                    0000000180008928 f   LIBCMT:fileno.obj
 0001:00007950       _isatty                    0000000180008950 f   LIBCMT:isatty.obj
 0001:000079b0       _fflush_nolock             00000001800089b0 f   LIBCMT:fflush.obj
 0001:000079fc       _flush                     00000001800089fc f   LIBCMT:fflush.obj
 0001:00007a78       _flushall                  0000000180008a78 f   LIBCMT:fflush.obj
 0001:00007b6c       _fcloseall                 0000000180008b6c f   LIBCMT:closeall.obj
 0001:00007c14       _ld12tod                   0000000180008c14 f   LIBCMT:intrncvt.obj
 0001:000081cc       _ld12tof                   00000001800091cc f   LIBCMT:intrncvt.obj
 0001:00008784       __strgtold12_l             0000000180009784 f   LIBCMT:strgtold.obj
 0001:00008fe8       $I10_OUTPUT                0000000180009fe8 f   LIBCMT:x10fout.obj
 0001:00009ac0       _commit                    000000018000aac0 f   LIBCMT:commit.obj
 0001:00009b98       _write                     000000018000ab98 f   LIBCMT:write.obj
 0001:00009c7c       _write_nolock              000000018000ac7c f   LIBCMT:write.obj
 0001:0000a470       _fclose_nolock             000000018000b470 f   LIBCMT:fclose.obj
 0001:0000a4ec       fclose                     000000018000b4ec f   LIBCMT:fclose.obj
 0001:0000a554       __mtold12                  000000018000b554 f   LIBCMT:mantold.obj
 0001:0000a778       __lock_fhandle             000000018000b778 f   LIBCMT:osfinfo.obj
 0001:0000a810       _free_osfhnd               000000018000b810 f   LIBCMT:osfinfo.obj
 0001:0000a8bc       _get_osfhandle             000000018000b8bc f   LIBCMT:osfinfo.obj
 0001:0000a930       _unlock_fhandle            000000018000b930 f   LIBCMT:osfinfo.obj
 0001:0000a95c       _lseeki64_nolock           000000018000b95c f   LIBCMT:lseeki64.obj
 0001:0000a9f0       _mbtowc_l                  000000018000b9f0 f   LIBCMT:mbtowc.obj
 0001:0000ab44       mbtowc                     000000018000bb44 f   LIBCMT:mbtowc.obj
 0001:0000ab4c       _putwch_nolock             000000018000bb4c f   LIBCMT:putwch.obj
 0001:0000aba8       _close                     000000018000bba8 f   LIBCMT:close.obj
 0001:0000ac6c       _close_nolock              000000018000bc6c f   LIBCMT:close.obj
 0001:0000ad28       _freebuf                   000000018000bd28 f   LIBCMT:_freebuf.obj
 0001:0000ad60       __termconout               000000018000bd60 f   LIBCMT:initcon.obj
 0001:0000ad80       __initconout               000000018000bd80 f   LIBCMT:initcon.obj
 0001:0000adbc       IsProcessorFeaturePresent  000000018000bdbc f   kernel32:KERNEL32.dll
 0001:0000adc2       RtlUnwindEx                000000018000bdc2 f   kernel32:KERNEL32.dll
 0001:0000adc8       __delayLoadHelper2         000000018000bdc8 f   DelayImp:delayhlp.obj
 0002:00000000       __imp_GetModuleHandleA     000000018000d000     kernel32:KERNEL32.dll
 0002:00000008       __imp_GetCommandLineA      000000018000d008     kernel32:KERNEL32.dll
 0002:00000010       __imp_GetCurrentThreadId   000000018000d010     kernel32:KERNEL32.dll
 0002:00000018       __imp_IsDebuggerPresent    000000018000d018     kernel32:KERNEL32.dll
 0002:00000020       __imp_IsProcessorFeaturePresent 000000018000d020     kernel32:KERNEL32.dll
 0002:00000028       __imp_EncodePointer        000000018000d028     kernel32:KERNEL32.dll
 0002:00000030       __imp_DecodePointer        000000018000d030     kernel32:KERNEL32.dll
 0002:00000038       __imp_IsValidCodePage      000000018000d038     kernel32:KERNEL32.dll
 0002:00000040       __imp_GetACP               000000018000d040     kernel32:KERNEL32.dll
 0002:00000048       __imp_GetOEMCP             000000018000d048     kernel32:KERNEL32.dll
 0002:00000050       __imp_GetCPInfo            000000018000d050     kernel32:KERNEL32.dll
 0002:00000058       __imp_GetLastError         000000018000d058     kernel32:KERNEL32.dll
 0002:00000060       __imp_SetLastError         000000018000d060     kernel32:KERNEL32.dll
 0002:00000068       __imp_MultiByteToWideChar  000000018000d068     kernel32:KERNEL32.dll
 0002:00000070       __imp_ExitProcess          000000018000d070     kernel32:KERNEL32.dll
 0002:00000078       __imp_GetModuleHandleExW   000000018000d078     kernel32:KERNEL32.dll
 0002:00000080       __imp_GetProcAddress       000000018000d080     kernel32:KERNEL32.dll
 0002:00000088       __imp_WideCharToMultiByte  000000018000d088     kernel32:KERNEL32.dll
 0002:00000090       __imp_GetProcessHeap       000000018000d090     kernel32:KERNEL32.dll
 0002:00000098       __imp_GetStdHandle         000000018000d098     kernel32:KERNEL32.dll
 0002:000000a0       __imp_GetFileType          000000018000d0a0     kernel32:KERNEL32.dll
 0002:000000a8       __imp_DeleteCriticalSection 000000018000d0a8     kernel32:KERNEL32.dll
 0002:000000b0       __imp_GetStartupInfoW      000000018000d0b0     kernel32:KERNEL32.dll
 0002:000000b8       __imp_GetModuleFileNameA   000000018000d0b8     kernel32:KERNEL32.dll
 0002:000000c0       __imp_HeapFree             000000018000d0c0     kernel32:KERNEL32.dll
 0002:000000c8       __imp_QueryPerformanceCounter 000000018000d0c8     kernel32:KERNEL32.dll
 0002:000000d0       __imp_GetCurrentProcessId  000000018000d0d0     kernel32:KERNEL32.dll
 0002:000000d8       __imp_GetSystemTimeAsFileTime 000000018000d0d8     kernel32:KERNEL32.dll
 0002:000000e0       __imp_GetEnvironmentStringsW 000000018000d0e0     kernel32:KERNEL32.dll
 0002:000000e8       __imp_FreeEnvironmentStringsW 000000018000d0e8     kernel32:KERNEL32.dll
 0002:000000f0       __imp_RtlCaptureContext    000000018000d0f0     kernel32:KERNEL32.dll
 0002:000000f8       __imp_RtlLookupFunctionEntry 000000018000d0f8     kernel32:KERNEL32.dll
 0002:00000100       __imp_RtlVirtualUnwind     000000018000d100     kernel32:KERNEL32.dll
 0002:00000108       __imp_UnhandledExceptionFilter 000000018000d108     kernel32:KERNEL32.dll
 0002:00000110       __imp_SetUnhandledExceptionFilter 000000018000d110     kernel32:KERNEL32.dll
 0002:00000118       __imp_InitializeCriticalSectionAndSpinCount 000000018000d118     kernel32:KERNEL32.dll
 0002:00000120       __imp_Sleep                000000018000d120     kernel32:KERNEL32.dll
 0002:00000128       __imp_GetCurrentProcess    000000018000d128     kernel32:KERNEL32.dll
 0002:00000130       __imp_TerminateProcess     000000018000d130     kernel32:KERNEL32.dll
 0002:00000138       __imp_TlsAlloc             000000018000d138     kernel32:KERNEL32.dll
 0002:00000140       __imp_TlsGetValue          000000018000d140     kernel32:KERNEL32.dll
 0002:00000148       __imp_TlsSetValue          000000018000d148     kernel32:KERNEL32.dll
 0002:00000150       __imp_TlsFree              000000018000d150     kernel32:KERNEL32.dll
 0002:00000158       __imp_GetModuleHandleW     000000018000d158     kernel32:KERNEL32.dll
 0002:00000160       __imp_RtlUnwindEx          000000018000d160     kernel32:KERNEL32.dll
 0002:00000168       __imp_RaiseException       000000018000d168     kernel32:KERNEL32.dll
 0002:00000170       __imp_EnterCriticalSection 000000018000d170     kernel32:KERNEL32.dll
 0002:00000178       __imp_LeaveCriticalSection 000000018000d178     kernel32:KERNEL32.dll
 0002:00000180       __imp_GetStringTypeW       000000018000d180     kernel32:KERNEL32.dll
 0002:00000188       __imp_LCMapStringW         000000018000d188     kernel32:KERNEL32.dll
 0002:00000190       __imp_WriteFile            000000018000d190     kernel32:KERNEL32.dll
 0002:00000198       __imp_GetModuleFileNameW   000000018000d198     kernel32:KERNEL32.dll
 0002:000001a0       __imp_FreeLibrary          000000018000d1a0     kernel32:KERNEL32.dll
 0002:000001a8       __imp_LoadLibraryExW       000000018000d1a8     kernel32:KERNEL32.dll
 0002:000001b0       __imp_HeapAlloc            000000018000d1b0     kernel32:KERNEL32.dll
 0002:000001b8       __imp_HeapReAlloc          000000018000d1b8     kernel32:KERNEL32.dll
 0002:000001c0       __imp_OutputDebugStringW   000000018000d1c0     kernel32:KERNEL32.dll
 0002:000001c8       __imp_HeapSize             000000018000d1c8     kernel32:KERNEL32.dll
 0002:000001d0       __imp_FlushFileBuffers     000000018000d1d0     kernel32:KERNEL32.dll
 0002:000001d8       __imp_GetConsoleCP         000000018000d1d8     kernel32:KERNEL32.dll
 0002:000001e0       __imp_GetConsoleMode       000000018000d1e0     kernel32:KERNEL32.dll
 0002:000001e8       __imp_SetStdHandle         000000018000d1e8     kernel32:KERNEL32.dll
 0002:000001f0       __imp_SetFilePointerEx     000000018000d1f0     kernel32:KERNEL32.dll
 0002:000001f8       __imp_WriteConsoleW        000000018000d1f8     kernel32:KERNEL32.dll
 0002:00000200       __imp_CloseHandle          000000018000d200     kernel32:KERNEL32.dll
 0002:00000208       __imp_CreateFileW          000000018000d208     kernel32:KERNEL32.dll
 0002:00000210       __imp_LoadLibraryExA       000000018000d210     kernel32:KERNEL32.dll
 0002:00000218       \177KERNEL32_NULL_THUNK_DATA 000000018000d218     kernel32:KERNEL32.dll
 0002:00000220       __xc_a                     000000018000d220     LIBCMT:crt0init.obj
 0002:00000238       _register_addon_           000000018000d238     hello.obj
 0002:00000240       __xc_z                     000000018000d240     LIBCMT:crt0init.obj
 0002:00000248       __xi_a                     000000018000d248     LIBCMT:crt0init.obj
 0002:00000270       __xi_z                     000000018000d270     LIBCMT:crt0init.obj
 0002:00000278       __xp_a                     000000018000d278     LIBCMT:crt0init.obj
 0002:00000298       __xp_z                     000000018000d298     LIBCMT:crt0init.obj
 0002:000002a0       __xt_a                     000000018000d2a0     LIBCMT:crt0init.obj
 0002:000002a8       __xt_z                     000000018000d2a8     LIBCMT:crt0init.obj
 0002:000002f0       __sz_node_exe              000000018000d2f0     node:node.exe
 0002:000002fc       ??_C@_06MEIMCGCF@_hypot?$AA@ 000000018000d2fc     LIBCMT:hypot.obj
 0002:00000308       _pDefaultRawDllMain        000000018000d308     LIBCMT:dllcrt0.obj
 0002:00000308       _pRawDllMain               000000018000d308     LIBCMT:dllcrt0.obj
 0002:00000320       _FPinit                    000000018000d320     LIBCMT:fpinit.obj
 0002:00000348       ??_C@_1M@HPNHIDJI@?$AAj?$AAa?$AA?9?$AAJ?$AAP?$AA?$AA@ 000000018000d348     LIBCMT:mbctype.obj
 0002:00000358       ??_C@_1M@BIBDDEMK@?$AAz?$AAh?$AA?9?$AAC?$AAN?$AA?$AA@ 000000018000d358     LIBCMT:mbctype.obj
 0002:00000368       ??_C@_1M@JLOOOEGK@?$AAk?$AAo?$AA?9?$AAK?$AAR?$AA?$AA@ 000000018000d368     LIBCMT:mbctype.obj
 0002:00000378       ??_C@_1M@CLNBBOPM@?$AAz?$AAh?$AA?9?$AAT?$AAW?$AA?$AA@ 000000018000d378     LIBCMT:mbctype.obj
 0002:00000384       ??_C@_03KOEHGMDN@Sun?$AA@  000000018000d384     LIBCMT:nlsdata.obj
 0002:00000388       ??_C@_03PDAGKDH@Mon?$AA@   000000018000d388     LIBCMT:nlsdata.obj
 0002:0000038c       ??_C@_03NAGEINEP@Tue?$AA@  000000018000d38c     LIBCMT:nlsdata.obj
 0002:00000390       ??_C@_03MHOMLAJA@Wed?$AA@  000000018000d390     LIBCMT:nlsdata.obj
 0002:00000394       ??_C@_03IOFIKPDN@Thu?$AA@  000000018000d394     LIBCMT:nlsdata.obj
 0002:00000398       ??_C@_03IDIOELNC@Fri?$AA@  000000018000d398     LIBCMT:nlsdata.obj
 0002:0000039c       ??_C@_03FEFJNEK@Sat?$AA@   000000018000d39c     LIBCMT:nlsdata.obj
 0002:000003a0       ??_C@_06OOPIFAJ@Sunday?$AA@ 000000018000d3a0     LIBCMT:nlsdata.obj
 0002:000003a8       ??_C@_06JLEDEDGH@Monday?$AA@ 000000018000d3a8     LIBCMT:nlsdata.obj
 0002:000003b0       ??_C@_07BAAGCFCM@Tuesday?$AA@ 000000018000d3b0     LIBCMT:nlsdata.obj
 0002:000003b8       ??_C@_09DLIGFAKA@Wednesday?$AA@ 000000018000d3b8     LIBCMT:nlsdata.obj
 0002:000003c8       ??_C@_08HACCIKIA@Thursday?$AA@ 000000018000d3c8     LIBCMT:nlsdata.obj
 0002:000003d4       ??_C@_06JECMNKMI@Friday?$AA@ 000000018000d3d4     LIBCMT:nlsdata.obj
 0002:000003e0       ??_C@_08INBOOONO@Saturday?$AA@ 000000018000d3e0     LIBCMT:nlsdata.obj
 0002:000003ec       ??_C@_03JIHJHPIE@Jan?$AA@  000000018000d3ec     LIBCMT:nlsdata.obj
 0002:000003f0       ??_C@_03HJBDCHOM@Feb?$AA@  000000018000d3f0     LIBCMT:nlsdata.obj
 0002:000003f4       ??_C@_03ODNJBKGA@Mar?$AA@  000000018000d3f4     LIBCMT:nlsdata.obj
 0002:000003f8       ??_C@_03LEOLGMJP@Apr?$AA@  000000018000d3f8     LIBCMT:nlsdata.obj
 0002:000003fc       ??_C@_03CNMDKL@May?$AA@    000000018000d3fc     LIBCMT:nlsdata.obj
 0002:00000400       ??_C@_03IDFGHECI@Jun?$AA@  000000018000d400     LIBCMT:nlsdata.obj
 0002:00000404       ??_C@_03LBGABGKK@Jul?$AA@  000000018000d404     LIBCMT:nlsdata.obj
 0002:00000408       ??_C@_03IFJFEIGA@Aug?$AA@  000000018000d408     LIBCMT:nlsdata.obj
 0002:0000040c       ??_C@_03GGCAPAJC@Sep?$AA@  000000018000d40c     LIBCMT:nlsdata.obj
 0002:00000410       ??_C@_03BMAOKBAD@Oct?$AA@  000000018000d410     LIBCMT:nlsdata.obj
 0002:00000414       ??_C@_03JPJOFNIA@Nov?$AA@  000000018000d414     LIBCMT:nlsdata.obj
 0002:00000418       ??_C@_03MKABNOCG@Dec?$AA@  000000018000d418     LIBCMT:nlsdata.obj
 0002:00000420       ??_C@_07CGJPFGJA@January?$AA@ 000000018000d420     LIBCMT:nlsdata.obj
 0002:00000428       ??_C@_08GNJGEPFN@February?$AA@ 000000018000d428     LIBCMT:nlsdata.obj
 0002:00000434       ??_C@_05HPCKOFNC@March?$AA@ 000000018000d434     LIBCMT:nlsdata.obj
 0002:0000043c       ??_C@_05DMJDNLEJ@April?$AA@ 000000018000d43c     LIBCMT:nlsdata.obj
 0002:00000444       ??_C@_04CNLMGBGM@June?$AA@ 000000018000d444     LIBCMT:nlsdata.obj
 0002:0000044c       ??_C@_04MIEPOIFP@July?$AA@ 000000018000d44c     LIBCMT:nlsdata.obj
 0002:00000454       ??_C@_06LBBHFDDG@August?$AA@ 000000018000d454     LIBCMT:nlsdata.obj
 0002:00000460       ??_C@_09BHHEALKD@September?$AA@ 000000018000d460     LIBCMT:nlsdata.obj
 0002:00000470       ??_C@_07JJNFCEND@October?$AA@ 000000018000d470     LIBCMT:nlsdata.obj
 0002:00000478       ??_C@_08HCHEGEOA@November?$AA@ 000000018000d478     LIBCMT:nlsdata.obj
 0002:00000488       ??_C@_08EDHMEBNP@December?$AA@ 000000018000d488     LIBCMT:nlsdata.obj
 0002:00000494       ??_C@_02DEDBPAFC@AM?$AA@   000000018000d494     LIBCMT:nlsdata.obj
 0002:00000498       ??_C@_02CJNFDJBF@PM?$AA@   000000018000d498     LIBCMT:nlsdata.obj
 0002:000004a0       ??_C@_08BPBNCDIB@MM?1dd?1yy?$AA@ 000000018000d4a0     LIBCMT:nlsdata.obj
 0002:000004b0       ??_C@_0BE@CKGJFCPC@dddd?0?5MMMM?5dd?0?5yyyy?$AA@ 000000018000d4b0     LIBCMT:nlsdata.obj
 0002:000004c8       ??_C@_08JCCMCCIL@HH?3mm?3ss?$AA@ 000000018000d4c8     LIBCMT:nlsdata.obj
 0002:000004d8       ??_C@_17MBGCMIPB@?$AAS?$AAu?$AAn?$AA?$AA@ 000000018000d4d8     LIBCMT:nlsdata.obj
 0002:000004e0       ??_C@_17KBOMKBF@?$AAM?$AAo?$AAn?$AA?$AA@ 000000018000d4e0     LIBCMT:nlsdata.obj
 0002:000004e8       ??_C@_17BMKGEGOJ@?$AAT?$AAu?$AAe?$AA?$AA@ 000000018000d4e8     LIBCMT:nlsdata.obj
 0002:000004f0       ??_C@_17CJEDCEPE@?$AAW?$AAe?$AAd?$AA?$AA@ 000000018000d4f0     LIBCMT:nlsdata.obj
 0002:000004f8       ??_C@_17PDPHAADD@?$AAT?$AAh?$AAu?$AA?$AA@ 000000018000d4f8     LIBCMT:nlsdata.obj
 0002:00000500       ??_C@_17HFOLPPLP@?$AAF?$AAr?$AAi?$AA?$AA@ 000000018000d500     LIBCMT:nlsdata.obj
 0002:00000508       ??_C@_17GGIBDPIH@?$AAS?$AAa?$AAt?$AA?$AA@ 000000018000d508     LIBCMT:nlsdata.obj
 0002:00000510       ??_C@_1O@IHNHDHPB@?$AAS?$AAu?$AAn?$AAd?$AAa?$AAy?$AA?$AA@ 000000018000d510     LIBCMT:nlsdata.obj
 0002:00000520       ??_C@_1O@MMNBFLIA@?$AAM?$AAo?$AAn?$AAd?$AAa?$AAy?$AA?$AA@ 000000018000d520     LIBCMT:nlsdata.obj
 0002:00000530       ??_C@_1BA@ENFBFFEK@?$AAT?$AAu?$AAe?$AAs?$AAd?$AAa?$AAy?$AA?$AA@ 000000018000d530     LIBCMT:nlsdata.obj
 0002:00000540       ??_C@_1BE@EBOGMDOH@?$AAW?$AAe?$AAd?$AAn?$AAe?$AAs?$AAd?$AAa?$AAy?$AA?$AA@ 000000018000d540     LIBCMT:nlsdata.obj
 0002:00000558       ??_C@_1BC@HHMNLIHE@?$AAT?$AAh?$AAu?$AAr?$AAs?$AAd?$AAa?$AAy?$AA?$AA@ 000000018000d558     LIBCMT:nlsdata.obj
 0002:00000570       ??_C@_1O@PDICJHAG@?$AAF?$AAr?$AAi?$AAd?$AAa?$AAy?$AA?$AA@ 000000018000d570     LIBCMT:nlsdata.obj
 0002:00000580       ??_C@_1BC@ENMNNPAJ@?$AAS?$AAa?$AAt?$AAu?$AAr?$AAd?$AAa?$AAy?$AA?$AA@ 000000018000d580     LIBCMT:nlsdata.obj
 0002:00000598       ??_C@_17DKNBKCHM@?$AAJ?$AAa?$AAn?$AA?$AA@ 000000018000d598     LIBCMT:nlsdata.obj
 0002:000005a0       ??_C@_17LMDJEKJN@?$AAF?$AAe?$AAb?$AA?$AA@ 000000018000d5a0     LIBCMT:nlsdata.obj
 0002:000005a8       ??_C@_17CKNLEDEC@?$AAM?$AAa?$AAr?$AA?$AA@ 000000018000d5a8     LIBCMT:nlsdata.obj
 0002:000005b0       ??_C@_17LFPOIHDD@?$AAA?$AAp?$AAr?$AA?$AA@ 000000018000d5b0     LIBCMT:nlsdata.obj
 0002:000005b8       ??_C@_17PNNKMEED@?$AAM?$AAa?$AAy?$AA?$AA@ 000000018000d5b8     LIBCMT:nlsdata.obj
 0002:000005c0       ??_C@_17KCJGOCPB@?$AAJ?$AAu?$AAn?$AA?$AA@ 000000018000d5c0     LIBCMT:nlsdata.obj
 0002:000005c8       ??_C@_17IJPCKHK@?$AAJ?$AAu?$AAl?$AA?$AA@ 000000018000d5c8     LIBCMT:nlsdata.obj
 0002:000005d0       ??_C@_17ICPELBCN@?$AAA?$AAu?$AAg?$AA?$AA@ 000000018000d5d0     LIBCMT:nlsdata.obj
 0002:000005d8       ??_C@_17HCHCOKMG@?$AAS?$AAe?$AAp?$AA?$AA@ 000000018000d5d8     LIBCMT:nlsdata.obj
 0002:000005e0       ??_C@_17FNLKOI@?$AAO?$AAc?$AAt?$AA?$AA@ 000000018000d5e0     LIBCMT:nlsdata.obj
 0002:000005e8       ??_C@_17BBDMLCIG@?$AAN?$AAo?$AAv?$AA?$AA@ 000000018000d5e8     LIBCMT:nlsdata.obj
 0002:000005f0       ??_C@_17EGKACKIF@?$AAD?$AAe?$AAc?$AA?$AA@ 000000018000d5f0     LIBCMT:nlsdata.obj
 0002:000005f8       ??_C@_1BA@EFMEIEBA@?$AAJ?$AAa?$AAn?$AAu?$AAa?$AAr?$AAy?$AA?$AA@ 000000018000d5f8     LIBCMT:nlsdata.obj
 0002:00000608       ??_C@_1BC@JGDDFFAM@?$AAF?$AAe?$AAb?$AAr?$AAu?$AAa?$AAr?$AAy?$AA?$AA@ 000000018000d608     LIBCMT:nlsdata.obj
 0002:00000620       ??_C@_1M@IKEENEDF@?$AAM?$AAa?$AAr?$AAc?$AAh?$AA?$AA@ 000000018000d620     LIBCMT:nlsdata.obj
 0002:00000630       ??_C@_1M@GJNLMHFD@?$AAA?$AAp?$AAr?$AAi?$AAl?$AA?$AA@ 000000018000d630     LIBCMT:nlsdata.obj
 0002:00000640       ??_C@_19EPFLPGAP@?$AAJ?$AAu?$AAn?$AAe?$AA?$AA@ 000000018000d640     LIBCMT:nlsdata.obj
 0002:00000650       ??_C@_19BIFMLPCD@?$AAJ?$AAu?$AAl?$AAy?$AA?$AA@ 000000018000d650     LIBCMT:nlsdata.obj
 0002:00000660       ??_C@_1O@PAHLKOAC@?$AAA?$AAu?$AAg?$AAu?$AAs?$AAt?$AA?$AA@ 000000018000d660     LIBCMT:nlsdata.obj
 0002:00000670       ??_C@_1BE@DKAAMBJL@?$AAS?$AAe?$AAp?$AAt?$AAe?$AAm?$AAb?$AAe?$AAr?$AA?$AA@ 000000018000d670     LIBCMT:nlsdata.obj
 0002:00000688       ??_C@_1BA@EPANDLNG@?$AAO?$AAc?$AAt?$AAo?$AAb?$AAe?$AAr?$AA?$AA@ 000000018000d688     LIBCMT:nlsdata.obj
 0002:00000698       ??_C@_1BC@BGLIFPF@?$AAN?$AAo?$AAv?$AAe?$AAm?$AAb?$AAe?$AAr?$AA?$AA@ 000000018000d698     LIBCMT:nlsdata.obj
 0002:000006b0       ??_C@_1BC@FEMKIFH@?$AAD?$AAe?$AAc?$AAe?$AAm?$AAb?$AAe?$AAr?$AA?$AA@ 000000018000d6b0     LIBCMT:nlsdata.obj
 0002:000006c4       ??_C@_15ODEHAHHF@?$AAA?$AAM?$AA?$AA@ 000000018000d6c4     LIBCMT:nlsdata.obj
 0002:000006cc       ??_C@_15CLMNNGEL@?$AAP?$AAM?$AA?$AA@ 000000018000d6cc     LIBCMT:nlsdata.obj
 0002:000006d8       ??_C@_1BC@IEBCMHCM@?$AAM?$AAM?$AA?1?$AAd?$AAd?$AA?1?$AAy?$AAy?$AA?$AA@ 000000018000d6d8     LIBCMT:nlsdata.obj
 0002:000006f0       ??_C@_1CI@KNAKOEBC@?$AAd?$AAd?$AAd?$AAd?$AA?0?$AA?5?$AAM?$AAM?$AAM?$AAM?$AA?5?$AAd?$AAd?$AA?0?$AA?5?$AAy?$AAy?$AAy?$AAy?$AA?$AA@ 000000018000d6f0     LIBCMT:nlsdata.obj
 0002:00000718       ??_C@_1BC@GDGBMEMK@?$AAH?$AAH?$AA?3?$AAm?$AAm?$AA?3?$AAs?$AAs?$AA?$AA@ 000000018000d718     LIBCMT:nlsdata.obj
 0002:00000730       ??_C@_1M@BMHNFIME@?$AAe?$AAn?$AA?9?$AAU?$AAS?$AA?$AA@ 000000018000d730     LIBCMT:nlsdata.obj
 0002:000007c0       _XcptActTab                000000018000d7c0     LIBCMT:winxfltr.obj
 0002:00000880       _XcptActTabCount           000000018000d880     LIBCMT:winxfltr.obj
 0002:00000884       _XcptActTabSize            000000018000d884     LIBCMT:winxfltr.obj
 0002:00000888       _First_FPE_Indx            000000018000d888     LIBCMT:winxfltr.obj
 0002:0000088c       _Num_FPE                   000000018000d88c     LIBCMT:winxfltr.obj
 0002:00000890       ??_C@_1BI@BGOHAHKC@?$AAm?$AAs?$AAc?$AAo?$AAr?$AAe?$AAe?$AA?4?$AAd?$AAl?$AAl?$AA?$AA@ 000000018000d890     LIBCMT:crt0dat.obj
 0002:000008a8       ??_C@_0P@MIGLKIOC@CorExitProcess?$AA@ 000000018000d8a8     LIBCMT:crt0dat.obj
 0002:000008b8       ??_C@_1BK@MGMFAEKH@?$AAk?$AAe?$AAr?$AAn?$AAe?$AAl?$AA3?$AA2?$AA?4?$AAd?$AAl?$AAl?$AA?$AA@ 000000018000d8b8     LIBCMT:winapisupp.obj
 0002:000008d8       ??_C@_08KNHFBNJ@FlsAlloc?$AA@ 000000018000d8d8     LIBCMT:winapisupp.obj
 0002:000008e8       ??_C@_07PEJMOBNF@FlsFree?$AA@ 000000018000d8e8     LIBCMT:winapisupp.obj
 0002:000008f0       ??_C@_0M@GDNOONDI@FlsGetValue?$AA@ 000000018000d8f0     LIBCMT:winapisupp.obj
 0002:00000900       ??_C@_0M@JCPCPOEF@FlsSetValue?$AA@ 000000018000d900     LIBCMT:winapisupp.obj
 0002:00000910       ??_C@_0BM@HCFOFFN@InitializeCriticalSectionEx?$AA@ 000000018000d910     LIBCMT:winapisupp.obj
 0002:00000930       ??_C@_0P@DLHPPCNH@CreateEventExW?$AA@ 000000018000d930     LIBCMT:winapisupp.obj
 0002:00000940       ??_C@_0BD@KIEEOEEH@CreateSemaphoreExW?$AA@ 000000018000d940     LIBCMT:winapisupp.obj
 0002:00000958       ??_C@_0BI@BKLFFAPO@SetThreadStackGuarantee?$AA@ 000000018000d958     LIBCMT:winapisupp.obj
 0002:00000970       ??_C@_0BG@OGFAJCKC@CreateThreadpoolTimer?$AA@ 000000018000d970     LIBCMT:winapisupp.obj
 0002:00000988       ??_C@_0BD@LPLEMMDI@SetThreadpoolTimer?$AA@ 000000018000d988     LIBCMT:winapisupp.obj
 0002:000009a0       ??_C@_0CA@FMNJENH@WaitForThreadpoolTimerCallbacks?$AA@ 000000018000d9a0     LIBCMT:winapisupp.obj
 0002:000009c0       ??_C@_0BF@DCFCCNOC@CloseThreadpoolTimer?$AA@ 000000018000d9c0     LIBCMT:winapisupp.obj
 0002:000009d8       ??_C@_0BF@FLABGKKM@CreateThreadpoolWait?$AA@ 000000018000d9d8     LIBCMT:winapisupp.obj
 0002:000009f0       ??_C@_0BC@MGCOHNA@SetThreadpoolWait?$AA@ 000000018000d9f0     LIBCMT:winapisupp.obj
 0002:00000a08       ??_C@_0BE@OCIOMIMP@CloseThreadpoolWait?$AA@ 000000018000da08     LIBCMT:winapisupp.obj
 0002:00000a20       ??_C@_0BJ@LKGHFHBO@FlushProcessWriteBuffers?$AA@ 000000018000da20     LIBCMT:winapisupp.obj
 0002:00000a40       ??_C@_0BP@KALKKPMO@FreeLibraryWhenCallbackReturns?$AA@ 000000018000da40     LIBCMT:winapisupp.obj
 0002:00000a60       ??_C@_0BK@DFNBACLA@GetCurrentProcessorNumber?$AA@ 000000018000da60     LIBCMT:winapisupp.obj
 0002:00000a80       ??_C@_0BP@KHGALBC@GetLogicalProcessorInformation?$AA@ 000000018000da80     LIBCMT:winapisupp.obj
 0002:00000aa0       ??_C@_0BE@FKKLLFLM@CreateSymbolicLinkW?$AA@ 000000018000daa0     LIBCMT:winapisupp.obj
 0002:00000ab8       ??_C@_0BJ@OHNKDLIJ@SetDefaultDllDirectories?$AA@ 000000018000dab8     LIBCMT:winapisupp.obj
 0002:00000ad8       ??_C@_0BE@LJANKFHF@EnumSystemLocalesEx?$AA@ 000000018000dad8     LIBCMT:winapisupp.obj
 0002:00000af0       ??_C@_0BA@IHGNDAEB@CompareStringEx?$AA@ 000000018000daf0     LIBCMT:winapisupp.obj
 0002:00000b00       ??_C@_0BA@EPCJIIPD@GetDateFormatEx?$AA@ 000000018000db00     LIBCMT:winapisupp.obj
 0002:00000b10       ??_C@_0BA@ONOKGCMP@GetLocaleInfoEx?$AA@ 000000018000db10     LIBCMT:winapisupp.obj
 0002:00000b20       ??_C@_0BA@CIJJKCJJ@GetTimeFormatEx?$AA@ 000000018000db20     LIBCMT:winapisupp.obj
 0002:00000b30       ??_C@_0BJ@PBCCBIPI@GetUserDefaultLocaleName?$AA@ 000000018000db30     LIBCMT:winapisupp.obj
 0002:00000b50       ??_C@_0BC@CELBKLLA@IsValidLocaleName?$AA@ 000000018000db50     LIBCMT:winapisupp.obj
 0002:00000b68       ??_C@_0O@KKBNKAPF@LCMapStringEx?$AA@ 000000018000db68     LIBCMT:winapisupp.obj
 0002:00000b78       ??_C@_0BE@JOGNEJCI@GetCurrentPackageId?$AA@ 000000018000db78     LIBCMT:winapisupp.obj
 0002:00000b90       ??_C@_0P@CDHHOHKP@GetTickCount64?$AA@ 000000018000db90     LIBCMT:winapisupp.obj
 0002:00000ba0       ??_C@_0BO@KPCLFDJJ@GetFileInformationByHandleExW?$AA@ 000000018000dba0     LIBCMT:winapisupp.obj
 0002:00000bc0       ??_C@_0BM@MHIDLABK@SetFileInformationByHandleW?$AA@ 000000018000dbc0     LIBCMT:winapisupp.obj
 0002:00000bf0       ??_C@_03KHJOGHMM@exp?$AA@  000000018000dbf0     LIBCMT:fpexcept.obj
 0002:00000bf4       ??_C@_03JGHBODFD@pow?$AA@  000000018000dbf4     LIBCMT:fpexcept.obj
 0002:00000bf8       ??_C@_03MGHMBJCF@log?$AA@  000000018000dbf8     LIBCMT:fpexcept.obj
 0002:00000bfc       ??_C@_05HGHHAHAP@log10?$AA@ 000000018000dbfc     LIBCMT:fpexcept.obj
 0002:00000c04       ??_C@_04COOMCNPB@sinh?$AA@ 000000018000dc04     LIBCMT:fpexcept.obj
 0002:00000c0c       ??_C@_04HPJJNFIM@cosh?$AA@ 000000018000dc0c     LIBCMT:fpexcept.obj
 0002:00000c14       ??_C@_04FJHINJAO@tanh?$AA@ 000000018000dc14     LIBCMT:fpexcept.obj
 0002:00000c1c       ??_C@_04FIHNOPOL@asin?$AA@ 000000018000dc1c     LIBCMT:fpexcept.obj
 0002:00000c24       ??_C@_04PDIFKINK@acos?$AA@ 000000018000dc24     LIBCMT:fpexcept.obj
 0002:00000c2c       ??_C@_04MLLJIGOK@atan?$AA@ 000000018000dc2c     LIBCMT:fpexcept.obj
 0002:00000c34       ??_C@_05KNGEOGJB@atan2?$AA@ 000000018000dc34     LIBCMT:fpexcept.obj
 0002:00000c3c       ??_C@_04EIAKFFMI@sqrt?$AA@ 000000018000dc3c     LIBCMT:fpexcept.obj
 0002:00000c44       ??_C@_03BLEJJJBH@sin?$AA@  000000018000dc44     LIBCMT:fpexcept.obj
 0002:00000c48       ??_C@_03LALBNOCG@cos?$AA@  000000018000dc48     LIBCMT:fpexcept.obj
 0002:00000c4c       ??_C@_03IIINPABG@tan?$AA@  000000018000dc4c     LIBCMT:fpexcept.obj
 0002:00000c50       ??_C@_04GFPJNGEK@ceil?$AA@ 000000018000dc50     LIBCMT:fpexcept.obj
 0002:00000c58       ??_C@_05PBJFFIGL@floor?$AA@ 000000018000dc58     LIBCMT:fpexcept.obj
 0002:00000c60       ??_C@_04ODHECPBC@fabs?$AA@ 000000018000dc60     LIBCMT:fpexcept.obj
 0002:00000c68       ??_C@_04EHEDPDJG@modf?$AA@ 000000018000dc68     LIBCMT:fpexcept.obj
 0002:00000c70       ??_C@_05CEJMAHNP@ldexp?$AA@ 000000018000dc70     LIBCMT:fpexcept.obj
 0002:00000c78       ??_C@_05KBKMEMPO@_cabs?$AA@ 000000018000dc78     LIBCMT:fpexcept.obj
 0002:00000c80       ??_C@_04KEPJIHGP@fmod?$AA@ 000000018000dc80     LIBCMT:fpexcept.obj
 0002:00000c88       ??_C@_05GKKHEGJL@frexp?$AA@ 000000018000dc88     LIBCMT:fpexcept.obj
 0002:00000c90       ??_C@_03MJLDFKDL@_y0?$AA@  000000018000dc90     LIBCMT:fpexcept.obj
 0002:00000c94       ??_C@_03NAKIGLHK@_y1?$AA@  000000018000dc94     LIBCMT:fpexcept.obj
 0002:00000c98       ??_C@_03ONILCKOB@_yn?$AA@  000000018000dc98     LIBCMT:fpexcept.obj
 0002:00000c9c       ??_C@_05JGDBENOH@_logb?$AA@ 000000018000dc9c     LIBCMT:fpexcept.obj
 0002:00000ca8       ??_C@_0L@KDOEJCKC@_nextafter?$AA@ 000000018000dca8     LIBCMT:fpexcept.obj
 0002:00000cb8       __real@0000000000000000    000000018000dcb8     LIBCMT:fpexcept.obj
 0002:00000cc0       ??_C@_05KLBDPFGC@e?$CL000?$AA@ 000000018000dcc0     LIBCMT:cvt.obj
 0002:00000cd0       __newctype                 000000018000dcd0     LIBCMT:ctype.obj
 0002:00000fd0       _wctype                    000000018000dfd0     LIBCMT:ctype.obj
 0002:000011e0       __newclmap                 000000018000e1e0     LIBCMT:ctype.obj
 0002:00001360       __newcumap                 000000018000e360     LIBCMT:ctype.obj
 0002:000014e0       ??_C@_15PJPFLCCM@?$AAu?$AAk?$AA?$AA@ 000000018000e4e0     LIBCMT:getqloc.obj
 0002:000014e8       __rg_language_count        000000018000e4e8     LIBCMT:getqloc.obj
 0002:000014ec       __rg_country_count         000000018000e4ec     LIBCMT:getqloc.obj
 0002:000014f0       LcidToLocaleNameTable      000000018000e4f0     LIBCMT:winapinls.obj
 0002:00002330       LocaleNameToIndexTable     000000018000f330     LIBCMT:winapinls.obj
 0002:00003170       ??_C@_15EMKDOKLE@?$AAa?$AAr?$AA?$AA@ 0000000180010170     LIBCMT:winapinls.obj
 0002:00003178       ??_C@_15KNPADPLH@?$AAb?$AAg?$AA?$AA@ 0000000180010178     LIBCMT:winapinls.obj
 0002:00003180       ??_C@_15EDMHLDMO@?$AAc?$AAa?$AA?$AA@ 0000000180010180     LIBCMT:winapinls.obj
 0002:00003188       ??_C@_1O@BPEAJADD@?$AAz?$AAh?$AA?9?$AAC?$AAH?$AAS?$AA?$AA@ 0000000180010188     LIBCMT:winapinls.obj
 0002:00003198       ??_C@_15LJNHCMNK@?$AAc?$AAs?$AA?$AA@ 0000000180010198     LIBCMT:winapinls.obj
 0002:000031a0       ??_C@_15FOMCIDHG@?$AAd?$AAa?$AA?$AA@ 00000001800101a0     LIBCMT:winapinls.obj
 0002:000031a8       ??_C@_15NBKABECB@?$AAd?$AAe?$AA?$AA@ 00000001800101a8     LIBCMT:winapinls.obj
 0002:000031b0       ??_C@_15GHPEIIAO@?$AAe?$AAl?$AA?$AA@ 00000001800101b0     LIBCMT:winapinls.obj
 0002:000031b8       ??_C@_15MNPNEAIF@?$AAe?$AAn?$AA?$AA@ 00000001800101b8     LIBCMT:winapinls.obj
 0002:000031c0       ??_C@_15GPIOMPMH@?$AAe?$AAs?$AA?$AA@ 00000001800101c0     LIBCMT:winapinls.obj
 0002:000031c8       ??_C@_15NGLOAKJC@?$AAf?$AAi?$AA?$AA@ 00000001800101c8     LIBCMT:winapinls.obj
 0002:000031d0       ??_C@_15FBKGNKAM@?$AAf?$AAr?$AA?$AA@ 00000001800101d0     LIBCMT:winapinls.obj
 0002:000031d8       ??_C@_15KGGCNEFK@?$AAh?$AAe?$AA?$AA@ 00000001800101d8     LIBCMT:winapinls.obj
 0002:000031e0       ??_C@_15PGHLIDMF@?$AAh?$AAu?$AA?$AA@ 00000001800101e0     LIBCMT:winapinls.obj
 0002:000031e8       ??_C@_15BIEMAPLM@?$AAi?$AAs?$AA?$AA@ 00000001800101e8     LIBCMT:winapinls.obj
 0002:000031f0       ??_C@_15IFJLDHAF@?$AAi?$AAt?$AA?$AA@ 00000001800101f0     LIBCMT:winapinls.obj
 0002:000031f8       ??_C@_15GEMIOCAG@?$AAj?$AAa?$AA?$AA@ 00000001800101f8     LIBCMT:winapinls.obj
 0002:00003200       ??_C@_15EPELEGJA@?$AAk?$AAo?$AA?$AA@ 0000000180010200     LIBCMT:winapinls.obj
 0002:00003208       ??_C@_15NDDHIMN@?$AAn?$AAl?$AA?$AA@ 0000000180010208     LIBCMT:winapinls.obj
 0002:00003210       ??_C@_15BPIGNHCD@?$AAn?$AAo?$AA?$AA@ 0000000180010210     LIBCMT:winapinls.obj
 0002:00003218       ??_C@_15DEOPBLCG@?$AAp?$AAl?$AA?$AA@ 0000000180010218     LIBCMT:winapinls.obj
 0002:00003220       ??_C@_15KBECGEFG@?$AAp?$AAt?$AA?$AA@ 0000000180010220     LIBCMT:winapinls.obj
 0002:00003228       ??_C@_15GLJCBFMD@?$AAr?$AAo?$AA?$AA@ 0000000180010228     LIBCMT:winapinls.obj
 0002:00003230       ??_C@_15FEDGKCDI@?$AAr?$AAu?$AA?$AA@ 0000000180010230     LIBCMT:winapinls.obj
 0002:00003238       ??_C@_15GLKMLLHM@?$AAh?$AAr?$AA?$AA@ 0000000180010238     LIBCMT:winapinls.obj
 0002:00003240       ??_C@_15CPKMFBDB@?$AAs?$AAk?$AA?$AA@ 0000000180010240     LIBCMT:winapinls.obj
 0002:00003248       ??_C@_15BAAIOGMK@?$AAs?$AAq?$AA?$AA@ 0000000180010248     LIBCMT:winapinls.obj
 0002:00003250       ??_C@_15INNPNOHD@?$AAs?$AAv?$AA?$AA@ 0000000180010250     LIBCMT:winapinls.obj
 0002:00003258       ??_C@_15CABMMOGH@?$AAt?$AAh?$AA?$AA@ 0000000180010258     LIBCMT:winapinls.obj
 0002:00003260       ??_C@_15BPLIHJJM@?$AAt?$AAr?$AA?$AA@ 0000000180010260     LIBCMT:winapinls.obj
 0002:00003268       ??_C@_15NEOEKKDJ@?$AAu?$AAr?$AA?$AA@ 0000000180010268     LIBCMT:winapinls.obj
 0002:00003270       ??_C@_15NFICGAJK@?$AAi?$AAd?$AA?$AA@ 0000000180010270     LIBCMT:winapinls.obj
 0002:00003278       ??_C@_15HPJPHDM@?$AAb?$AAe?$AA?$AA@ 0000000180010278     LIBCMT:winapinls.obj
 0002:00003280       ??_C@_15LCHLGJII@?$AAs?$AAl?$AA?$AA@ 0000000180010280     LIBCMT:winapinls.obj
 0002:00003288       ??_C@_15PCFJPHHO@?$AAe?$AAt?$AA?$AA@ 0000000180010288     LIBCMT:winapinls.obj
 0002:00003290       ??_C@_15HPFPGODN@?$AAl?$AAv?$AA?$AA@ 0000000180010290     LIBCMT:winapinls.obj
 0002:00003298       ??_C@_15NFFGKGLG@?$AAl?$AAt?$AA?$AA@ 0000000180010298     LIBCMT:winapinls.obj
 0002:000032a0       ??_C@_15BDAKCCHN@?$AAf?$AAa?$AA?$AA@ 00000001800102a0     LIBCMT:winapinls.obj
 0002:000032a8       ??_C@_15NFGIAIAJ@?$AAv?$AAi?$AA?$AA@ 00000001800102a8     LIBCMT:winapinls.obj
 0002:000032b0       ??_C@_15LMKNDMHN@?$AAh?$AAy?$AA?$AA@ 00000001800102b0     LIBCMT:winapinls.obj
 0002:000032b8       ??_C@_15IJBHMCFL@?$AAa?$AAz?$AA?$AA@ 00000001800102b8     LIBCMT:winapinls.obj
 0002:000032c0       ??_C@_15EKOFJABL@?$AAe?$AAu?$AA?$AA@ 00000001800102c0     LIBCMT:winapinls.obj
 0002:000032c8       ??_C@_15BGHADCNK@?$AAm?$AAk?$AA?$AA@ 00000001800102c8     LIBCMT:winapinls.obj
 0002:000032d0       ??_C@_15JDNICKHM@?$AAa?$AAf?$AA?$AA@ 00000001800102d0     LIBCMT:winapinls.obj
 0002:000032d8       ??_C@_15KPJEDBKD@?$AAk?$AAa?$AA?$AA@ 00000001800102d8     LIBCMT:winapinls.obj
 0002:000032e0       ??_C@_15PDNFFFEO@?$AAf?$AAo?$AA?$AA@ 00000001800102e0     LIBCMT:winapinls.obj
 0002:000032e8       ??_C@_15OMLEGLOC@?$AAh?$AAi?$AA?$AA@ 00000001800102e8     LIBCMT:winapinls.obj
 0002:000032f0       ??_C@_15IDNNENKK@?$AAm?$AAs?$AA?$AA@ 00000001800102f0     LIBCMT:winapinls.obj
 0002:000032f8       ??_C@_15MACJNBMH@?$AAk?$AAk?$AA?$AA@ 00000001800102f8     LIBCMT:winapinls.obj
 0002:00003300       ??_C@_15DKDJEOND@?$AAk?$AAy?$AA?$AA@ 0000000180010300     LIBCMT:winapinls.obj
 0002:00003308       ??_C@_15DFGDLJBG@?$AAs?$AAw?$AA?$AA@ 0000000180010308     LIBCMT:winapinls.obj
 0002:00003310       ??_C@_15BBFAICNG@?$AAu?$AAz?$AA?$AA@ 0000000180010310     LIBCMT:winapinls.obj
 0002:00003318       ??_C@_15DKNDCGEA@?$AAt?$AAt?$AA?$AA@ 0000000180010318     LIBCMT:winapinls.obj
 0002:00003320       ??_C@_15MGIFMDPL@?$AAp?$AAa?$AA?$AA@ 0000000180010320     LIBCMT:winapinls.obj
 0002:00003328       ??_C@_15HCNDBBA@?$AAg?$AAu?$AA?$AA@ 0000000180010328     LIBCMT:winapinls.obj
 0002:00003330       ??_C@_15FNBEIBON@?$AAt?$AAa?$AA?$AA@ 0000000180010330     LIBCMT:winapinls.obj
 0002:00003338       ??_C@_15NCHGBGLK@?$AAt?$AAe?$AA?$AA@ 0000000180010338     LIBCMT:winapinls.obj
 0002:00003340       ??_C@_15PHPHCBPF@?$AAk?$AAn?$AA?$AA@ 0000000180010340     LIBCMT:winapinls.obj
 0002:00003348       ??_C@_15DLGBCKMP@?$AAm?$AAr?$AA?$AA@ 0000000180010348     LIBCMT:winapinls.obj
 0002:00003350       ??_C@_15EABBLBFF@?$AAs?$AAa?$AA?$AA@ 0000000180010350     LIBCMT:winapinls.obj
 0002:00003358       ??_C@_15CBKOMCOI@?$AAm?$AAn?$AA?$AA@ 0000000180010358     LIBCMT:winapinls.obj
 0002:00003360       ??_C@_15CKDMCJAF@?$AAg?$AAl?$AA?$AA@ 0000000180010360     LIBCMT:winapinls.obj
 0002:00003368       ??_C@_17CNJFBPG@?$AAk?$AAo?$AAk?$AA?$AA@ 0000000180010368     LIBCMT:winapinls.obj
 0002:00003370       ??_C@_17FFBJICPL@?$AAs?$AAy?$AAr?$AA?$AA@ 0000000180010370     LIBCMT:winapinls.obj
 0002:00003378       ??_C@_17KPNDCPAF@?$AAd?$AAi?$AAv?$AA?$AA@ 0000000180010378     LIBCMT:winapinls.obj
 0002:00003380       ??_C@_11LOCGONAA@?$AA?$AA@ 0000000180010380     LIBCMT:winapinls.obj
 0002:00003388       ??_C@_1M@OKAHONE@?$AAa?$AAr?$AA?9?$AAS?$AAA?$AA?$AA@ 0000000180010388     LIBCMT:winapinls.obj
 0002:00003398       ??_C@_1M@FFFIGIGK@?$AAb?$AAg?$AA?9?$AAB?$AAG?$AA?$AA@ 0000000180010398     LIBCMT:winapinls.obj
 0002:000033a8       ??_C@_1M@BJNKEDC@?$AAc?$AAa?$AA?9?$AAE?$AAS?$AA?$AA@ 00000001800103a8     LIBCMT:winapinls.obj
 0002:000033b8       ??_C@_1M@IJJHFJHA@?$AAc?$AAs?$AA?9?$AAC?$AAZ?$AA?$AA@ 00000001800103b8     LIBCMT:winapinls.obj
 0002:000033c8       ??_C@_1M@CLPEOBGI@?$AAd?$AAa?$AA?9?$AAD?$AAK?$AA?$AA@ 00000001800103c8     LIBCMT:winapinls.obj
 0002:000033d8       ??_C@_1M@MCMADGCB@?$AAd?$AAe?$AA?9?$AAD?$AAE?$AA?$AA@ 00000001800103d8     LIBCMT:winapinls.obj
 0002:000033e8       ??_C@_1M@OOCKEMAM@?$AAe?$AAl?$AA?9?$AAG?$AAR?$AA?$AA@ 00000001800103e8     LIBCMT:winapinls.obj
 0002:000033f8       ??_C@_1M@DDNJFGID@?$AAf?$AAi?$AA?9?$AAF?$AAI?$AA?$AA@ 00000001800103f8     LIBCMT:winapinls.obj
 0002:00003408       ??_C@_1M@GLIPPMAC@?$AAf?$AAr?$AA?9?$AAF?$AAR?$AA?$AA@ 0000000180010408     LIBCMT:winapinls.obj
 0002:00003418       ??_C@_1M@GFMCHPE@?$AAh?$AAe?$AA?9?$AAI?$AAL?$AA?$AA@ 0000000180010418     LIBCMT:winapinls.obj
 0002:00003428       ??_C@_1M@MHLPGNKM@?$AAh?$AAu?$AA?9?$AAH?$AAU?$AA?$AA@ 0000000180010428     LIBCMT:winapinls.obj
 0002:00003438       ??_C@_1M@LPDDNNPN@?$AAi?$AAs?$AA?9?$AAI?$AAS?$AA?$AA@ 0000000180010438     LIBCMT:winapinls.obj
 0002:00003448       ??_C@_1M@MADIPODN@?$AAi?$AAt?$AA?9?$AAI?$AAT?$AA?$AA@ 0000000180010448     LIBCMT:winapinls.obj
 0002:00003458       ??_C@_1M@IHBJJGG@?$AAn?$AAl?$AA?9?$AAN?$AAL?$AA?$AA@ 0000000180010458     LIBCMT:winapinls.obj
 0002:00003468       ??_C@_1M@EANAGDL@?$AAn?$AAb?$AA?9?$AAN?$AAO?$AA?$AA@ 0000000180010468     LIBCMT:winapinls.obj
 0002:00003478       ??_C@_1M@NEIEMEGP@?$AAp?$AAl?$AA?9?$AAP?$AAL?$AA?$AA@ 0000000180010478     LIBCMT:winapinls.obj
 0002:00003488       ??_C@_1M@BOCFIGEP@?$AAp?$AAt?$AA?9?$AAB?$AAR?$AA?$AA@ 0000000180010488     LIBCMT:winapinls.obj
 0002:00003498       ??_C@_1M@IMPFOPBG@?$AAr?$AAo?$AA?9?$AAR?$AAO?$AA?$AA@ 0000000180010498     LIBCMT:winapinls.obj
 0002:000034a8       ??_C@_1M@IDNNEJMM@?$AAr?$AAu?$AA?9?$AAR?$AAU?$AA?$AA@ 00000001800104a8     LIBCMT:winapinls.obj
 0002:000034b8       ??_C@_1M@LILEEOGM@?$AAh?$AAr?$AA?9?$AAH?$AAR?$AA?$AA@ 00000001800104b8     LIBCMT:winapinls.obj
 0002:000034c8       ??_C@_1M@FKIFEHPB@?$AAs?$AAk?$AA?9?$AAS?$AAK?$AA?$AA@ 00000001800104c8     LIBCMT:winapinls.obj
 0002:000034d8       ??_C@_1M@LJMAMNPJ@?$AAs?$AAq?$AA?9?$AAA?$AAL?$AA?$AA@ 00000001800104d8     LIBCMT:winapinls.obj
 0002:000034e8       ??_C@_1M@GIAKDKJK@?$AAs?$AAv?$AA?9?$AAS?$AAE?$AA?$AA@ 00000001800104e8     LIBCMT:winapinls.obj
 0002:000034f8       ??_C@_1M@MKJKIKCL@?$AAt?$AAh?$AA?9?$AAT?$AAH?$AA?$AA@ 00000001800104f8     LIBCMT:winapinls.obj
 0002:00003508       ??_C@_1M@MFLCCMPB@?$AAt?$AAr?$AA?9?$AAT?$AAR?$AA?$AA@ 0000000180010508     LIBCMT:winapinls.obj
 0002:00003518       ??_C@_1M@OIJHDKJN@?$AAu?$AAr?$AA?9?$AAP?$AAK?$AA?$AA@ 0000000180010518     LIBCMT:winapinls.obj
 0002:00003528       ??_C@_1M@LHIPCIEK@?$AAi?$AAd?$AA?9?$AAI?$AAD?$AA?$AA@ 0000000180010528     LIBCMT:winapinls.obj
 0002:00003538       ??_C@_1M@MFMOBGI@?$AAu?$AAk?$AA?9?$AAU?$AAA?$AA?$AA@ 0000000180010538     LIBCMT:winapinls.obj
 0002:00003548       ??_C@_1M@OBGLJIPL@?$AAb?$AAe?$AA?9?$AAB?$AAY?$AA?$AA@ 0000000180010548     LIBCMT:winapinls.obj
 0002:00003558       ??_C@_1M@BCFAJEAD@?$AAs?$AAl?$AA?9?$AAS?$AAI?$AA?$AA@ 0000000180010558     LIBCMT:winapinls.obj
 0002:00003568       ??_C@_1M@FKFFEDDN@?$AAe?$AAt?$AA?9?$AAE?$AAE?$AA?$AA@ 0000000180010568     LIBCMT:winapinls.obj
 0002:00003578       ??_C@_1M@KGKKAACI@?$AAl?$AAv?$AA?9?$AAL?$AAV?$AA?$AA@ 0000000180010578     LIBCMT:winapinls.obj
 0002:00003588       ??_C@_1M@IFGBIJO@?$AAl?$AAt?$AA?9?$AAL?$AAT?$AA?$AA@ 0000000180010588     LIBCMT:winapinls.obj
 0002:00003598       ??_C@_1M@FGEAHEDM@?$AAf?$AAa?$AA?9?$AAI?$AAR?$AA?$AA@ 0000000180010598     LIBCMT:winapinls.obj
 0002:000035a8       ??_C@_1M@KBMAIBFN@?$AAv?$AAi?$AA?9?$AAV?$AAN?$AA?$AA@ 00000001800105a8     LIBCMT:winapinls.obj
 0002:000035b8       ??_C@_1M@GPCBKDJK@?$AAh?$AAy?$AA?9?$AAA?$AAM?$AA?$AA@ 00000001800105b8     LIBCMT:winapinls.obj
 0002:000035c8       ??_C@_1BG@BECMDDJB@?$AAa?$AAz?$AA?9?$AAA?$AAZ?$AA?9?$AAL?$AAa?$AAt?$AAn?$AA?$AA@ 00000001800105c8     LIBCMT:winapinls.obj
 0002:000035e0       ??_C@_1M@MAOFCAEA@?$AAe?$AAu?$AA?9?$AAE?$AAS?$AA?$AA@ 00000001800105e0     LIBCMT:winapinls.obj
 0002:000035f0       ??_C@_1M@IGHABKPI@?$AAm?$AAk?$AA?9?$AAM?$AAK?$AA?$AA@ 00000001800105f0     LIBCMT:winapinls.obj
 0002:00003600       ??_C@_1M@IAIGNEJG@?$AAt?$AAn?$AA?9?$AAZ?$AAA?$AA?$AA@ 0000000180010600     LIBCMT:winapinls.obj
 0002:00003610       ??_C@_1M@IIJCOJFA@?$AAx?$AAh?$AA?9?$AAZ?$AAA?$AA?$AA@ 0000000180010610     LIBCMT:winapinls.obj
 0002:00003620       ??_C@_1M@LGPJHNJH@?$AAz?$AAu?$AA?9?$AAZ?$AAA?$AA?$AA@ 0000000180010620     LIBCMT:winapinls.obj
 0002:00003630       ??_C@_1M@HOKAOIO@?$AAa?$AAf?$AA?9?$AAZ?$AAA?$AA?$AA@ 0000000180010630     LIBCMT:winapinls.obj
 0002:00003640       ??_C@_1M@DPCLHLIE@?$AAk?$AAa?$AA?9?$AAG?$AAE?$AA?$AA@ 0000000180010640     LIBCMT:winapinls.obj
 0002:00003650       ??_C@_1M@BLKMHJBI@?$AAf?$AAo?$AA?9?$AAF?$AAO?$AA?$AA@ 0000000180010650     LIBCMT:winapinls.obj
 0002:00003660       ??_C@_1M@LGGJAPPB@?$AAh?$AAi?$AA?9?$AAI?$AAN?$AA?$AA@ 0000000180010660     LIBCMT:winapinls.obj
 0002:00003670       ??_C@_1M@FIKPIHFE@?$AAm?$AAt?$AA?9?$AAM?$AAT?$AA?$AA@ 0000000180010670     LIBCMT:winapinls.obj
 0002:00003680       ??_C@_1M@HEGGPBFA@?$AAs?$AAe?$AA?9?$AAN?$AAO?$AA?$AA@ 0000000180010680     LIBCMT:winapinls.obj
 0002:00003690       ??_C@_1M@EIBJEEPA@?$AAm?$AAs?$AA?9?$AAM?$AAY?$AA?$AA@ 0000000180010690     LIBCMT:winapinls.obj
 0002:000036a0       ??_C@_1M@FHLBGMPP@?$AAk?$AAk?$AA?9?$AAK?$AAZ?$AA?$AA@ 00000001800106a0     LIBCMT:winapinls.obj
 0002:000036b0       ??_C@_1M@NGJJLCGI@?$AAk?$AAy?$AA?9?$AAK?$AAG?$AA?$AA@ 00000001800106b0     LIBCMT:winapinls.obj
 0002:000036c0       ??_C@_1M@GIENNBFC@?$AAs?$AAw?$AA?9?$AAK?$AAE?$AA?$AA@ 00000001800106c0     LIBCMT:winapinls.obj
 0002:000036d0       ??_C@_1BG@NDGMJIMJ@?$AAu?$AAz?$AA?9?$AAU?$AAZ?$AA?9?$AAL?$AAa?$AAt?$AAn?$AA?$AA@ 00000001800106d0     LIBCMT:winapinls.obj
 0002:000036e8       ??_C@_1M@IDCCIHBC@?$AAt?$AAt?$AA?9?$AAR?$AAU?$AA?$AA@ 00000001800106e8     LIBCMT:winapinls.obj
 0002:000036f8       ??_C@_1M@LOICPMOJ@?$AAb?$AAn?$AA?9?$AAI?$AAN?$AA?$AA@ 00000001800106f8     LIBCMT:winapinls.obj
 0002:00003708       ??_C@_1M@KPKKNEAH@?$AAp?$AAa?$AA?9?$AAI?$AAN?$AA?$AA@ 0000000180010708     LIBCMT:winapinls.obj
 0002:00003718       ??_C@_1M@PJGPPBOG@?$AAg?$AAu?$AA?9?$AAI?$AAN?$AA?$AA@ 0000000180010718     LIBCMT:winapinls.obj
 0002:00003728       ??_C@_1M@KMKMOPHI@?$AAt?$AAa?$AA?9?$AAI?$AAN?$AA?$AA@ 0000000180010728     LIBCMT:winapinls.obj
 0002:00003738       ??_C@_1M@KFEHEPAC@?$AAt?$AAe?$AA?9?$AAI?$AAN?$AA?$AA@ 0000000180010738     LIBCMT:winapinls.obj
 0002:00003748       ??_C@_1M@CDCLMGHI@?$AAk?$AAn?$AA?9?$AAI?$AAN?$AA?$AA@ 0000000180010748     LIBCMT:winapinls.obj
 0002:00003758       ??_C@_1M@MIODLDKF@?$AAm?$AAl?$AA?9?$AAI?$AAN?$AA?$AA@ 0000000180010758     LIBCMT:winapinls.obj
 0002:00003768       ??_C@_1M@PBIEACPO@?$AAm?$AAr?$AA?9?$AAI?$AAN?$AA?$AA@ 0000000180010768     LIBCMT:winapinls.obj
 0002:00003778       ??_C@_1M@NIDEAGPH@?$AAs?$AAa?$AA?9?$AAI?$AAN?$AA?$AA@ 0000000180010778     LIBCMT:winapinls.obj
 0002:00003788       ??_C@_1M@FHIHCBIO@?$AAm?$AAn?$AA?9?$AAM?$AAN?$AA?$AA@ 0000000180010788     LIBCMT:winapinls.obj
 0002:00003798       ??_C@_1M@JAIJPENP@?$AAc?$AAy?$AA?9?$AAG?$AAB?$AA?$AA@ 0000000180010798     LIBCMT:winapinls.obj
 0002:000037a8       ??_C@_1M@PHGFBEPN@?$AAg?$AAl?$AA?9?$AAE?$AAS?$AA?$AA@ 00000001800107a8     LIBCMT:winapinls.obj
 0002:000037b8       ??_C@_1O@KPIPDNCP@?$AAk?$AAo?$AAk?$AA?9?$AAI?$AAN?$AA?$AA@ 00000001800107b8     LIBCMT:winapinls.obj
 0002:000037c8       ??_C@_1O@KNHJLDJA@?$AAs?$AAy?$AAr?$AA?9?$AAS?$AAY?$AA?$AA@ 00000001800107c8     LIBCMT:winapinls.obj
 0002:000037d8       ??_C@_1O@MKEKBLAH@?$AAd?$AAi?$AAv?$AA?9?$AAM?$AAV?$AA?$AA@ 00000001800107d8     LIBCMT:winapinls.obj
 0002:000037e8       ??_C@_1O@OHDCKDDF@?$AAq?$AAu?$AAz?$AA?9?$AAB?$AAO?$AA?$AA@ 00000001800107e8     LIBCMT:winapinls.obj
 0002:000037f8       ??_C@_1M@LEPJNLFD@?$AAn?$AAs?$AA?9?$AAZ?$AAA?$AA?$AA@ 00000001800107f8     LIBCMT:winapinls.obj
 0002:00003808       ??_C@_1M@OMLEIIJB@?$AAm?$AAi?$AA?9?$AAN?$AAZ?$AA?$AA@ 0000000180010808     LIBCMT:winapinls.obj
 0002:00003818       ??_C@_1M@PMPEAILG@?$AAa?$AAr?$AA?9?$AAI?$AAQ?$AA?$AA@ 0000000180010818     LIBCMT:winapinls.obj
 0002:00003828       ??_C@_1M@CNKPNOEE@?$AAd?$AAe?$AA?9?$AAC?$AAH?$AA?$AA@ 0000000180010828     LIBCMT:winapinls.obj
 0002:00003838       ??_C@_1M@LKMGMLKO@?$AAe?$AAn?$AA?9?$AAG?$AAB?$AA?$AA@ 0000000180010838     LIBCMT:winapinls.obj
 0002:00003848       ??_C@_1M@PGKJFFGL@?$AAe?$AAs?$AA?9?$AAM?$AAX?$AA?$AA@ 0000000180010848     LIBCMT:winapinls.obj
 0002:00003858       ??_C@_1M@DNNANBDC@?$AAf?$AAr?$AA?9?$AAB?$AAE?$AA?$AA@ 0000000180010858     LIBCMT:winapinls.obj
 0002:00003868       ??_C@_1M@HLGMDFHM@?$AAi?$AAt?$AA?9?$AAC?$AAH?$AA?$AA@ 0000000180010868     LIBCMT:winapinls.obj
 0002:00003878       ??_C@_1M@CLLBGJH@?$AAn?$AAl?$AA?9?$AAB?$AAE?$AA?$AA@ 0000000180010878     LIBCMT:winapinls.obj
 0002:00003888       ??_C@_1M@BODBOGLF@?$AAn?$AAn?$AA?9?$AAN?$AAO?$AA?$AA@ 0000000180010888     LIBCMT:winapinls.obj
 0002:00003898       ??_C@_1M@HFFAHKAD@?$AAp?$AAt?$AA?9?$AAP?$AAT?$AA?$AA@ 0000000180010898     LIBCMT:winapinls.obj
 0002:000038a8       ??_C@_1BG@LNOAKHIE@?$AAs?$AAr?$AA?9?$AAS?$AAP?$AA?9?$AAL?$AAa?$AAt?$AAn?$AA?$AA@ 00000001800108a8     LIBCMT:winapinls.obj
 0002:000038c0       ??_C@_1M@HBMHBGAK@?$AAs?$AAv?$AA?9?$AAF?$AAI?$AA?$AA@ 00000001800108c0     LIBCMT:winapinls.obj
 0002:000038d0       ??_C@_1BG@DGCJGJBE@?$AAa?$AAz?$AA?9?$AAA?$AAZ?$AA?9?$AAC?$AAy?$AAr?$AAl?$AA?$AA@ 00000001800108d0     LIBCMT:winapinls.obj
 0002:000038e8       ??_C@_1M@KEJDAAHB@?$AAs?$AAe?$AA?9?$AAS?$AAE?$AA?$AA@ 00000001800108e8     LIBCMT:winapinls.obj
 0002:000038f8       ??_C@_1M@HEIBJJAD@?$AAm?$AAs?$AA?9?$AAB?$AAN?$AA?$AA@ 00000001800108f8     LIBCMT:winapinls.obj
 0002:00003908       ??_C@_1BG@PBGJMCEM@?$AAu?$AAz?$AA?9?$AAU?$AAZ?$AA?9?$AAC?$AAy?$AAr?$AAl?$AA?$AA@ 0000000180010908     LIBCMT:winapinls.obj
 0002:00003920       ??_C@_1O@LAOBCMDF@?$AAq?$AAu?$AAz?$AA?9?$AAE?$AAC?$AA?$AA@ 0000000180010920     LIBCMT:winapinls.obj
 0002:00003930       ??_C@_1M@POEEMAIO@?$AAa?$AAr?$AA?9?$AAE?$AAG?$AA?$AA@ 0000000180010930     LIBCMT:winapinls.obj
 0002:00003940       ??_C@_1M@EFAKDEDL@?$AAz?$AAh?$AA?9?$AAH?$AAK?$AA?$AA@ 0000000180010940     LIBCMT:winapinls.obj
 0002:00003950       ??_C@_1M@HKKIJHGI@?$AAd?$AAe?$AA?9?$AAA?$AAT?$AA?$AA@ 0000000180010950     LIBCMT:winapinls.obj
 0002:00003960       ??_C@_1M@KBFBEHJF@?$AAe?$AAn?$AA?9?$AAA?$AAU?$AA?$AA@ 0000000180010960     LIBCMT:winapinls.obj
 0002:00003970       ??_C@_1M@MNPLFAAH@?$AAe?$AAs?$AA?9?$AAE?$AAS?$AA?$AA@ 0000000180010970     LIBCMT:winapinls.obj
 0002:00003980       ??_C@_1M@HJOOJFMA@?$AAf?$AAr?$AA?9?$AAC?$AAA?$AA?$AA@ 0000000180010980     LIBCMT:winapinls.obj
 0002:00003990       ??_C@_1BG@JPOFPNAB@?$AAs?$AAr?$AA?9?$AAS?$AAP?$AA?9?$AAC?$AAy?$AAr?$AAl?$AA?$AA@ 0000000180010990     LIBCMT:winapinls.obj
 0002:000039a8       ??_C@_1M@LNFOCMOB@?$AAs?$AAe?$AA?9?$AAF?$AAI?$AA?$AA@ 00000001800109a8     LIBCMT:winapinls.obj
 0002:000039b8       ??_C@_1O@MGJBOAMB@?$AAq?$AAu?$AAz?$AA?9?$AAP?$AAE?$AA?$AA@ 00000001800109b8     LIBCMT:winapinls.obj
 0002:000039c8       ??_C@_1M@GJINLBOK@?$AAa?$AAr?$AA?9?$AAL?$AAY?$AA?$AA@ 00000001800109c8     LIBCMT:winapinls.obj
 0002:000039d8       ??_C@_1M@GGMNHJNL@?$AAz?$AAh?$AA?9?$AAS?$AAG?$AA?$AA@ 00000001800109d8     LIBCMT:winapinls.obj
 0002:000039e8       ??_C@_1M@HOIKODND@?$AAd?$AAe?$AA?9?$AAL?$AAU?$AA?$AA@ 00000001800109e8     LIBCMT:winapinls.obj
 0002:000039f8       ??_C@_1M@DDOCCGFG@?$AAe?$AAn?$AA?9?$AAC?$AAA?$AA?$AA@ 00000001800109f8     LIBCMT:winapinls.obj
 0002:00003a08       ??_C@_1M@BNOEMJLF@?$AAe?$AAs?$AA?9?$AAG?$AAT?$AA?$AA@ 0000000180010a08     LIBCMT:winapinls.obj
 0002:00003a18       ??_C@_1M@EOGNKEK@?$AAf?$AAr?$AA?9?$AAC?$AAH?$AA?$AA@ 0000000180010a18     LIBCMT:winapinls.obj
 0002:00003a28       ??_C@_1M@FLIDJFHL@?$AAh?$AAr?$AA?9?$AAB?$AAA?$AA?$AA@ 0000000180010a28     LIBCMT:winapinls.obj
 0002:00003a38       ??_C@_1O@FMCELNAJ@?$AAs?$AAm?$AAj?$AA?9?$AAN?$AAO?$AA?$AA@ 0000000180010a38     LIBCMT:winapinls.obj
 0002:00003a48       ??_C@_1M@JHGLJMGJ@?$AAa?$AAr?$AA?9?$AAD?$AAZ?$AA?$AA@ 0000000180010a48     LIBCMT:winapinls.obj
 0002:00003a58       ??_C@_1M@JKKFDCNP@?$AAz?$AAh?$AA?9?$AAM?$AAO?$AA?$AA@ 0000000180010a58     LIBCMT:winapinls.obj
 0002:00003a68       ??_C@_1M@GEEFALPE@?$AAd?$AAe?$AA?9?$AAL?$AAI?$AA?$AA@ 0000000180010a68     LIBCMT:winapinls.obj
 0002:00003a78       ??_C@_1M@IGEOFBG@?$AAe?$AAn?$AA?9?$AAN?$AAZ?$AA?$AA@ 0000000180010a78     LIBCMT:winapinls.obj
 0002:00003a88       ??_C@_1M@KDBONEHP@?$AAe?$AAs?$AA?9?$AAC?$AAR?$AA?$AA@ 0000000180010a88     LIBCMT:winapinls.obj
 0002:00003a98       ??_C@_1M@FHMDOHNN@?$AAf?$AAr?$AA?9?$AAL?$AAU?$AA?$AA@ 0000000180010a98     LIBCMT:winapinls.obj
 0002:00003aa8       ??_C@_1BG@NFKKMAFG@?$AAb?$AAs?$AA?9?$AAB?$AAA?$AA?9?$AAL?$AAa?$AAt?$AAn?$AA?$AA@ 0000000180010aa8     LIBCMT:winapinls.obj
 0002:00003ac0       ??_C@_1O@IMNBEMCI@?$AAs?$AAm?$AAj?$AA?9?$AAS?$AAE?$AA?$AA@ 0000000180010ac0     LIBCMT:winapinls.obj
 0002:00003ad0       ??_C@_1M@DHHMBNDP@?$AAa?$AAr?$AA?9?$AAM?$AAA?$AA?$AA@ 0000000180010ad0     LIBCMT:winapinls.obj
 0002:00003ae0       ??_C@_1M@BNBLJCGH@?$AAe?$AAn?$AA?9?$AAI?$AAE?$AA?$AA@ 0000000180010ae0     LIBCMT:winapinls.obj
 0002:00003af0       ??_C@_1M@GEPAFMDL@?$AAe?$AAs?$AA?9?$AAP?$AAA?$AA?$AA@ 0000000180010af0     LIBCMT:winapinls.obj
 0002:00003b00       ??_C@_1M@OJONDMDL@?$AAf?$AAr?$AA?9?$AAM?$AAC?$AA?$AA@ 0000000180010b00     LIBCMT:winapinls.obj
 0002:00003b10       ??_C@_1BG@OBCNFJB@?$AAs?$AAr?$AA?9?$AAB?$AAA?$AA?9?$AAL?$AAa?$AAt?$AAn?$AA?$AA@ 0000000180010b10     LIBCMT:winapinls.obj
 0002:00003b28       ??_C@_1O@KEMEEGPO@?$AAs?$AAm?$AAa?$AA?9?$AAN?$AAO?$AA?$AA@ 0000000180010b28     LIBCMT:winapinls.obj
 0002:00003b38       ??_C@_1M@ELMGFODK@?$AAa?$AAr?$AA?9?$AAT?$AAN?$AA?$AA@ 0000000180010b38     LIBCMT:winapinls.obj
 0002:00003b48       ??_C@_1M@BHDLHFAF@?$AAe?$AAn?$AA?9?$AAZ?$AAA?$AA?$AA@ 0000000180010b48     LIBCMT:winapinls.obj
 0002:00003b58       ??_C@_1M@BMGIGLIF@?$AAe?$AAs?$AA?9?$AAD?$AAO?$AA?$AA@ 0000000180010b58     LIBCMT:winapinls.obj
 0002:00003b68       ??_C@_1BG@CMBHIPBE@?$AAs?$AAr?$AA?9?$AAB?$AAA?$AA?9?$AAC?$AAy?$AAr?$AAl?$AA?$AA@ 0000000180010b68     LIBCMT:winapinls.obj
 0002:00003b80       ??_C@_1O@HEDBLHNP@?$AAs?$AAm?$AAa?$AA?9?$AAS?$AAE?$AA?$AA@ 0000000180010b80     LIBCMT:winapinls.obj
 0002:00003b90       ??_C@_1M@DAGCADIM@?$AAa?$AAr?$AA?9?$AAO?$AAM?$AA?$AA@ 0000000180010b90     LIBCMT:winapinls.obj
 0002:00003ba0       ??_C@_1M@FODLMICG@?$AAe?$AAn?$AA?9?$AAJ?$AAM?$AA?$AA@ 0000000180010ba0     LIBCMT:winapinls.obj
 0002:00003bb0       ??_C@_1M@DNMLCIHB@?$AAe?$AAs?$AA?9?$AAV?$AAE?$AA?$AA@ 0000000180010bb0     LIBCMT:winapinls.obj
 0002:00003bc0       ??_C@_1O@EOKHMKJK@?$AAs?$AAm?$AAs?$AA?9?$AAF?$AAI?$AA?$AA@ 0000000180010bc0     LIBCMT:winapinls.obj
 0002:00003bd0       ??_C@_1M@CAFJMKOF@?$AAa?$AAr?$AA?9?$AAY?$AAE?$AA?$AA@ 0000000180010bd0     LIBCMT:winapinls.obj
 0002:00003be0       ??_C@_1M@CBFHIJLI@?$AAe?$AAn?$AA?9?$AAC?$AAB?$AA?$AA@ 0000000180010be0     LIBCMT:winapinls.obj
 0002:00003bf0       ??_C@_1M@BGNFLDN@?$AAe?$AAs?$AA?9?$AAC?$AAO?$AA?$AA@ 0000000180010bf0     LIBCMT:winapinls.obj
 0002:00003c00       ??_C@_1O@JMPHMAMC@?$AAs?$AAm?$AAn?$AA?9?$AAF?$AAI?$AA?$AA@ 0000000180010c00     LIBCMT:winapinls.obj
 0002:00003c10       ??_C@_1M@JLANABKE@?$AAa?$AAr?$AA?9?$AAS?$AAY?$AA?$AA@ 0000000180010c10     LIBCMT:winapinls.obj
 0002:00003c20       ??_C@_1M@HPKGCFGN@?$AAe?$AAn?$AA?9?$AAB?$AAZ?$AA?$AA@ 0000000180010c20     LIBCMT:winapinls.obj
 0002:00003c30       ??_C@_1M@OLJCMLGM@?$AAe?$AAs?$AA?9?$AAP?$AAE?$AA?$AA@ 0000000180010c30     LIBCMT:winapinls.obj
 0002:00003c40       ??_C@_1M@MKKGFKLE@?$AAa?$AAr?$AA?9?$AAJ?$AAO?$AA?$AA@ 0000000180010c40     LIBCMT:winapinls.obj
 0002:00003c50       ??_C@_1M@EKPGLDNI@?$AAe?$AAn?$AA?9?$AAT?$AAT?$AA?$AA@ 0000000180010c50     LIBCMT:winapinls.obj
 0002:00003c60       ??_C@_1M@OONGHFHE@?$AAe?$AAs?$AA?9?$AAA?$AAR?$AA?$AA@ 0000000180010c60     LIBCMT:winapinls.obj
 0002:00003c70       ??_C@_1M@OOJFGBHE@?$AAa?$AAr?$AA?9?$AAL?$AAB?$AA?$AA@ 0000000180010c70     LIBCMT:winapinls.obj
 0002:00003c80       ??_C@_1M@GCEJHNEG@?$AAe?$AAn?$AA?9?$AAZ?$AAW?$AA?$AA@ 0000000180010c80     LIBCMT:winapinls.obj
 0002:00003c90       ??_C@_1M@JNOCAHJI@?$AAe?$AAs?$AA?9?$AAE?$AAC?$AA?$AA@ 0000000180010c90     LIBCMT:winapinls.obj
 0002:00003ca0       ??_C@_1M@JEFHPGGB@?$AAa?$AAr?$AA?9?$AAK?$AAW?$AA?$AA@ 0000000180010ca0     LIBCMT:winapinls.obj
 0002:00003cb0       ??_C@_1M@MLKIBJOJ@?$AAe?$AAn?$AA?9?$AAP?$AAH?$AA?$AA@ 0000000180010cb0     LIBCMT:winapinls.obj
 0002:00003cc0       ??_C@_1M@BDNIPEND@?$AAe?$AAs?$AA?9?$AAC?$AAL?$AA?$AA@ 0000000180010cc0     LIBCMT:winapinls.obj
 0002:00003cd0       ??_C@_1M@MPNMEKBD@?$AAa?$AAr?$AA?9?$AAA?$AAE?$AA?$AA@ 0000000180010cd0     LIBCMT:winapinls.obj
 0002:00003ce0       ??_C@_1M@KBJALCPI@?$AAe?$AAs?$AA?9?$AAU?$AAY?$AA?$AA@ 0000000180010ce0     LIBCMT:winapinls.obj
 0002:00003cf0       ??_C@_1M@LLCCOAGA@?$AAa?$AAr?$AA?9?$AAB?$AAH?$AA?$AA@ 0000000180010cf0     LIBCMT:winapinls.obj
 0002:00003d00       ??_C@_1M@PBFNCDEL@?$AAe?$AAs?$AA?9?$AAP?$AAY?$AA?$AA@ 0000000180010d00     LIBCMT:winapinls.obj
 0002:00003d10       ??_C@_1M@EDGINPNP@?$AAa?$AAr?$AA?9?$AAQ?$AAA?$AA?$AA@ 0000000180010d10     LIBCMT:winapinls.obj
 0002:00003d20       ??_C@_1M@MKDBIIJI@?$AAe?$AAs?$AA?9?$AAB?$AAO?$AA?$AA@ 0000000180010d20     LIBCMT:winapinls.obj
 0002:00003d30       ??_C@_1M@CPKKEBLD@?$AAe?$AAs?$AA?9?$AAS?$AAV?$AA?$AA@ 0000000180010d30     LIBCMT:winapinls.obj
 0002:00003d40       ??_C@_1M@NDBGMMJL@?$AAe?$AAs?$AA?9?$AAH?$AAN?$AA?$AA@ 0000000180010d40     LIBCMT:winapinls.obj
 0002:00003d50       ??_C@_1M@JIJIBHDP@?$AAe?$AAs?$AA?9?$AAN?$AAI?$AA?$AA@ 0000000180010d50     LIBCMT:winapinls.obj
 0002:00003d60       ??_C@_1M@CGFMKEEK@?$AAe?$AAs?$AA?9?$AAP?$AAR?$AA?$AA@ 0000000180010d60     LIBCMT:winapinls.obj
 0002:00003d70       ??_C@_1O@ICJHKIIK@?$AAz?$AAh?$AA?9?$AAC?$AAH?$AAT?$AA?$AA@ 0000000180010d70     LIBCMT:winapinls.obj
 0002:00003d80       ??_C@_15CLNEJCE@?$AAs?$AAr?$AA?$AA@ 0000000180010d80     LIBCMT:winapinls.obj
 0002:00003d88       ??_C@_1M@KAHEKEIG@?$AAa?$AAf?$AA?9?$AAz?$AAa?$AA?$AA@ 0000000180010d88     LIBCMT:winapinls.obj
 0002:00003d98       ??_C@_1M@GIECOABL@?$AAa?$AAr?$AA?9?$AAa?$AAe?$AA?$AA@ 0000000180010d98     LIBCMT:winapinls.obj
 0002:00003da8       ??_C@_1M@BMLMEKGI@?$AAa?$AAr?$AA?9?$AAb?$AAh?$AA?$AA@ 0000000180010da8     LIBCMT:winapinls.obj
 0002:00003db8       ??_C@_1M@DAPFDGGB@?$AAa?$AAr?$AA?9?$AAd?$AAz?$AA?$AA@ 0000000180010db8     LIBCMT:winapinls.obj
 0002:00003dc8       ??_C@_1M@FJNKGKIG@?$AAa?$AAr?$AA?9?$AAe?$AAg?$AA?$AA@ 0000000180010dc8     LIBCMT:winapinls.obj
 0002:00003dd8       ??_C@_1M@FLGKKCLO@?$AAa?$AAr?$AA?9?$AAi?$AAq?$AA?$AA@ 0000000180010dd8     LIBCMT:winapinls.obj
 0002:00003de8       ??_C@_1M@GNDIPALM@?$AAa?$AAr?$AA?9?$AAj?$AAo?$AA?$AA@ 0000000180010de8     LIBCMT:winapinls.obj
 0002:00003df8       ??_C@_1M@DDMJFMGJ@?$AAa?$AAr?$AA?9?$AAk?$AAw?$AA?$AA@ 0000000180010df8     LIBCMT:winapinls.obj
 0002:00003e08       ??_C@_1M@EJALMLHM@?$AAa?$AAr?$AA?9?$AAl?$AAb?$AA?$AA@ 0000000180010e08     LIBCMT:winapinls.obj
 0002:00003e18       ??_C@_1M@MOBDBLOC@?$AAa?$AAr?$AA?9?$AAl?$AAy?$AA?$AA@ 0000000180010e18     LIBCMT:winapinls.obj
 0002:00003e28       ??_C@_1M@JAOCLHDH@?$AAa?$AAr?$AA?9?$AAm?$AAa?$AA?$AA@ 0000000180010e28     LIBCMT:winapinls.obj
 0002:00003e38       ??_C@_1M@JHPMKJIE@?$AAa?$AAr?$AA?9?$AAo?$AAm?$AA?$AA@ 0000000180010e38     LIBCMT:winapinls.obj
 0002:00003e48       ??_C@_1M@OEPGHFNH@?$AAa?$AAr?$AA?9?$AAq?$AAa?$AA?$AA@ 0000000180010e48     LIBCMT:winapinls.obj
 0002:00003e58       ??_C@_1M@KJDONENM@?$AAa?$AAr?$AA?9?$AAs?$AAa?$AA?$AA@ 0000000180010e58     LIBCMT:winapinls.obj
 0002:00003e68       ??_C@_1M@DMJDKLKM@?$AAa?$AAr?$AA?9?$AAs?$AAy?$AA?$AA@ 0000000180010e68     LIBCMT:winapinls.obj
 0002:00003e78       ??_C@_1M@OMFIPEDC@?$AAa?$AAr?$AA?9?$AAt?$AAn?$AA?$AA@ 0000000180010e78     LIBCMT:winapinls.obj
 0002:00003e88       ??_C@_1M@IHMHGAON@?$AAa?$AAr?$AA?9?$AAy?$AAe?$AA?$AA@ 0000000180010e88     LIBCMT:winapinls.obj
 0002:00003e98       ??_C@_1BG@KDCPGJGB@?$AAa?$AAz?$AA?9?$AAa?$AAz?$AA?9?$AAc?$AAy?$AAr?$AAl?$AA?$AA@ 0000000180010e98     LIBCMT:winapinls.obj
 0002:00003eb0       ??_C@_1BG@IBCKDDOE@?$AAa?$AAz?$AA?9?$AAa?$AAz?$AA?9?$AAl?$AAa?$AAt?$AAn?$AA?$AA@ 0000000180010eb0     LIBCMT:winapinls.obj
 0002:00003ec8       ??_C@_1M@EGPFDCPD@?$AAb?$AAe?$AA?9?$AAb?$AAy?$AA?$AA@ 0000000180010ec8     LIBCMT:winapinls.obj
 0002:00003ed8       ??_C@_1M@PCMGMCGC@?$AAb?$AAg?$AA?9?$AAb?$AAg?$AA?$AA@ 0000000180010ed8     LIBCMT:winapinls.obj
 0002:00003ee8       ??_C@_1M@BJBMFGOB@?$AAb?$AAn?$AA?9?$AAi?$AAn?$AA?$AA@ 0000000180010ee8     LIBCMT:winapinls.obj
 0002:00003ef8       ??_C@_1BG@EAKMMACD@?$AAb?$AAs?$AA?9?$AAb?$AAa?$AA?9?$AAl?$AAa?$AAt?$AAn?$AA?$AA@ 0000000180010ef8     LIBCMT:winapinls.obj
 0002:00003f10       ??_C@_1M@KGADAODK@?$AAc?$AAa?$AA?9?$AAe?$AAs?$AA?$AA@ 0000000180010f10     LIBCMT:winapinls.obj
 0002:00003f20       ??_C@_1M@COAJPDHI@?$AAc?$AAs?$AA?9?$AAc?$AAz?$AA?$AA@ 0000000180010f20     LIBCMT:winapinls.obj
 0002:00003f30       ??_C@_1M@DHBHFONH@?$AAc?$AAy?$AA?9?$AAg?$AAb?$AA?$AA@ 0000000180010f30     LIBCMT:winapinls.obj
 0002:00003f40       ??_C@_1M@IMGKELGA@?$AAd?$AAa?$AA?9?$AAd?$AAk?$AA?$AA@ 0000000180010f40     LIBCMT:winapinls.obj
 0002:00003f50       ??_C@_1M@NNDGDNGA@?$AAd?$AAe?$AA?9?$AAa?$AAt?$AA?$AA@ 0000000180010f50     LIBCMT:winapinls.obj
 0002:00003f60       ??_C@_1M@IKDBHEEM@?$AAd?$AAe?$AA?9?$AAc?$AAh?$AA?$AA@ 0000000180010f60     LIBCMT:winapinls.obj
 0002:00003f70       ??_C@_1M@GFFOJMCJ@?$AAd?$AAe?$AA?9?$AAd?$AAe?$AA?$AA@ 0000000180010f70     LIBCMT:winapinls.obj
 0002:00003f80       ??_C@_1M@MDNLKBPM@?$AAd?$AAe?$AA?9?$AAl?$AAi?$AA?$AA@ 0000000180010f80     LIBCMT:winapinls.obj
 0002:00003f90       ??_C@_1M@NJBEEJNL@?$AAd?$AAe?$AA?9?$AAl?$AAu?$AA?$AA@ 0000000180010f90     LIBCMT:winapinls.obj
 0002:00003fa0       ??_C@_1O@GNNELBAP@?$AAd?$AAi?$AAv?$AA?9?$AAm?$AAv?$AA?$AA@ 0000000180010fa0     LIBCMT:winapinls.obj
 0002:00003fb0       ??_C@_1M@EJLEOGAE@?$AAe?$AAl?$AA?9?$AAg?$AAr?$AA?$AA@ 0000000180010fb0     LIBCMT:winapinls.obj
 0002:00003fc0       ??_C@_1M@GMPONJN@?$AAe?$AAn?$AA?9?$AAa?$AAu?$AA?$AA@ 0000000180010fc0     LIBCMT:winapinls.obj
 0002:00003fd0       ??_C@_1M@NIDIIPGF@?$AAe?$AAn?$AA?9?$AAb?$AAz?$AA?$AA@ 0000000180010fd0     LIBCMT:winapinls.obj
 0002:00003fe0       ??_C@_1M@JEHMIMFO@?$AAe?$AAn?$AA?9?$AAc?$AAa?$AA?$AA@ 0000000180010fe0     LIBCMT:winapinls.obj
 0002:00003ff0       ??_C@_1M@IGMJCDLA@?$AAe?$AAn?$AA?9?$AAc?$AAb?$AA?$AA@ 0000000180010ff0     LIBCMT:winapinls.obj
 0002:00004000       ??_C@_1M@BNFIGBKG@?$AAe?$AAn?$AA?9?$AAg?$AAb?$AA?$AA@ 0000000180011000     LIBCMT:winapinls.obj
 0002:00004010       ??_C@_1M@LKIFDIGP@?$AAe?$AAn?$AA?9?$AAi?$AAe?$AA?$AA@ 0000000180011010     LIBCMT:winapinls.obj
 0002:00004020       ??_C@_1M@PJKFGCCO@?$AAe?$AAn?$AA?9?$AAj?$AAm?$AA?$AA@ 0000000180011020     LIBCMT:winapinls.obj
 0002:00004030       ??_C@_1M@KPPKEPBO@?$AAe?$AAn?$AA?9?$AAn?$AAz?$AA?$AA@ 0000000180011030     LIBCMT:winapinls.obj
 0002:00004040       ??_C@_1M@GMDGLDOB@?$AAe?$AAn?$AA?9?$AAp?$AAh?$AA?$AA@ 0000000180011040     LIBCMT:winapinls.obj
 0002:00004050       ??_C@_1M@ONGIBJNA@?$AAe?$AAn?$AA?9?$AAt?$AAt?$AA?$AA@ 0000000180011050     LIBCMT:winapinls.obj
 0002:00004060       ??_C@_1M@LLODPCMM@?$AAe?$AAn?$AA?9?$AAu?$AAs?$AA?$AA@ 0000000180011060     LIBCMT:winapinls.obj
 0002:00004070       ??_C@_1M@LAKFNPAN@?$AAe?$AAn?$AA?9?$AAz?$AAa?$AA?$AA@ 0000000180011070     LIBCMT:winapinls.obj
 0002:00004080       ??_C@_1M@MFNHNHEO@?$AAe?$AAn?$AA?9?$AAz?$AAw?$AA?$AA@ 0000000180011080     LIBCMT:winapinls.obj
 0002:00004090       ??_C@_1M@EJEINPHM@?$AAe?$AAs?$AA?9?$AAa?$AAr?$AA?$AA@ 0000000180011090     LIBCMT:winapinls.obj
 0002:000040a0       ??_C@_1M@GNKPCCJA@?$AAe?$AAs?$AA?9?$AAb?$AAo?$AA?$AA@ 00000001800110a0     LIBCMT:winapinls.obj
 0002:000040b0       ??_C@_1M@LEEGFONL@?$AAe?$AAs?$AA?9?$AAc?$AAl?$AA?$AA@ 00000001800110b0     LIBCMT:winapinls.obj
 0002:000040c0       ??_C@_1M@KGPDPBDF@?$AAe?$AAs?$AA?9?$AAc?$AAo?$AA?$AA@ 00000001800110c0     LIBCMT:winapinls.obj
 0002:000040d0       ??_C@_1M@EIAHOHH@?$AAe?$AAs?$AA?9?$AAc?$AAr?$AA?$AA@ 00000001800110d0     LIBCMT:winapinls.obj
 0002:000040e0       ??_C@_1M@LLPGMBIN@?$AAe?$AAs?$AA?9?$AAd?$AAo?$AA?$AA@ 00000001800110e0     LIBCMT:winapinls.obj
 0002:000040f0       ??_C@_1M@DKHMKNJA@?$AAe?$AAs?$AA?9?$AAe?$AAc?$AA?$AA@ 00000001800110f0     LIBCMT:winapinls.obj
 0002:00004100       ??_C@_1M@GKGFPKAP@?$AAe?$AAs?$AA?9?$AAe?$AAs?$AA?$AA@ 0000000180011100     LIBCMT:winapinls.obj
 0002:00004110       ??_C@_1M@LKHKGDLN@?$AAe?$AAs?$AA?9?$AAg?$AAt?$AA?$AA@ 0000000180011110     LIBCMT:winapinls.obj
 0002:00004120       ??_C@_1M@HEIIGGJD@?$AAe?$AAs?$AA?9?$AAh?$AAn?$AA?$AA@ 0000000180011120     LIBCMT:winapinls.obj
 0002:00004130       ??_C@_1M@FBDHPPGD@?$AAe?$AAs?$AA?9?$AAm?$AAx?$AA?$AA@ 0000000180011130     LIBCMT:winapinls.obj
 0002:00004140       ??_C@_1M@DPAGLNDH@?$AAe?$AAs?$AA?9?$AAn?$AAi?$AA?$AA@ 0000000180011140     LIBCMT:winapinls.obj
 0002:00004150       ??_C@_1M@MDGOPGDD@?$AAe?$AAs?$AA?9?$AAp?$AAa?$AA?$AA@ 0000000180011150     LIBCMT:winapinls.obj
 0002:00004160       ??_C@_1M@EMAMGBGE@?$AAe?$AAs?$AA?9?$AAp?$AAe?$AA?$AA@ 0000000180011160     LIBCMT:winapinls.obj
 0002:00004170       ??_C@_1M@IBMCAOEC@?$AAe?$AAs?$AA?9?$AAp?$AAr?$AA?$AA@ 0000000180011170     LIBCMT:winapinls.obj
 0002:00004180       ??_C@_1M@FGMDIJED@?$AAe?$AAs?$AA?9?$AAp?$AAy?$AA?$AA@ 0000000180011180     LIBCMT:winapinls.obj
[...]
 0003:000006cc       DoserrorNoMem              00000001800146cc     LIBCMT:dosmap.obj
 0003:00000b10       _ctype_loc_style           0000000180014b10     LIBCMT:wsetloca.obj
 0003:00000b78       ?isPackaged@?1??__crtIsPackagedApp@@9@9 0000000180014b78     LIBCMT:winapisupp.obj
 0003:00000b80       ?_names@?1??_get_fname@@9@9 0000000180014b80     LIBCMT:fpexcept.obj
 0003:00000db0       _locktable                 0000000180014db0     LIBCMT:mlock.obj
 0003:000014a8       DoubleFormat               00000001800154a8     LIBCMT:intrncvt.obj
 0003:000014c0       FloatFormat                00000001800154c0     LIBCMT:intrncvt.obj
 0003:000017b0       _module                    00000001800157b0     * CIL library *:* CIL module *
 0003:00001868       __proc_attached            0000000180015868     LIBCMT:dllcrt0.obj
 0003:00001880       GS_ExceptionRecord         0000000180015880     LIBCMT:gs_report.obj
 0003:00001920       GS_ContextRecord           0000000180015920     LIBCMT:gs_report.obj
 0003:00001df0       DebuggerWasPresent         0000000180015df0     LIBCMT:gs_report.obj
 0003:00001e20       fSystemSet                 0000000180015e20     LIBCMT:mbctype.obj
 0003:00002090       ?_pgmname@?1??_setargv@@9@9 0000000180016090     LIBCMT:stdargv.obj
 0003:000021a0       lclcritsects               00000001800161a0     LIBCMT:mlock.obj
 0003:000023d8       __crtCallProc              00000001800163d8     LIBCMT:winapinls.obj
 0003:000023f0       ?outmsg@?8??_NMSG_WRITE@@9@9 00000001800163f0     LIBCMT:crt0msg.obj
 0003:00002a30       ctrlc_action               0000000180016a30     LIBCMT:winsig.obj
 0003:00002a38       ctrlbreak_action           0000000180016a38     LIBCMT:winsig.obj
 0003:00002a40       abort_action               0000000180016a40     LIBCMT:winsig.obj
 0003:00002a48       term_action                0000000180016a48     LIBCMT:winsig.obj
 0003:00002a50       ConsoleCtrlHandler_Installed 0000000180016a50     LIBCMT:winsig.obj
 0003:00002a58       g_pfnRtlGenRandom          0000000180016a58     LIBCMT:rand_s.obj
 0003:00002a80       ?pfnMessageBox@?1??__crtMessageBoxW@@9@9 0000000180016a80     LIBCMT:crtmboxw.obj
 0003:00002a88       ?pfnGetActiveWindow@?1??__crtMessageBoxW@@9@9 0000000180016a88     LIBCMT:crtmboxw.obj
 0003:00002a90       ?pfnGetLastActivePopup@?1??__crtMessageBoxW@@9@9 0000000180016a90     LIBCMT:crtmboxw.obj
 0003:00002a98       ?pfnGetProcessWindowStation@?1??__crtMessageBoxW@@9@9 0000000180016a98     LIBCMT:crtmboxw.obj
 0003:00002aa0       ?pfnGetUserObjectInformation@?1??__crtMessageBoxW@@9@9 0000000180016aa0     LIBCMT:crtmboxw.obj
 0003:00002ab8       allocator_arg              0000000180016ab8     * CIL library *:* CIL module *
 0003:00002ab9       piecewise_construct        0000000180016ab9     * CIL library *:* CIL module *
 0004:00000000       $pdata$?NODE_SET_METHOD@node@@YAXV?$Local@VObject@v8@@@v8@@PEBDP6AXAEBV?$FunctionCallbackInfo@VValue@v8@@@3@@Z@Z 0000000180018000     * CIL library *:* CIL module *
 0004:0000000c       $pdata$?Method@demo@@YAXAEBV?$FunctionCallbackInfo@VValue@v8@@@v8@@@Z 000000018001800c     * CIL library *:* CIL module *
 0004:00000018       $pdata$?init@demo@@YAXV?$Local@VObject@v8@@@v8@@@Z 0000000180018018     * CIL library *:* CIL module *
 0004:00000024       $pdata$?load_exe_hook@@YAP6A_JXZIPEAUDelayLoadInfo@@@Z 0000000180018024     * CIL library *:* CIL module *
 0004:00000048       $pdata$??0_LocaleUpdate@@QEAA@PEAUlocaleinfo_struct@@@Z 0000000180018048     LIBCMT:stricmp.obj
 0004:00000054       $pdata$_stricmp            0000000180018054     LIBCMT:stricmp.obj
 0004:00000060       $pdata$_stricmp_l          0000000180018060     LIBCMT:stricmp.obj
 0004:0000006c       $pdata$_CRT_INIT           000000018001806c     LIBCMT:dllcrt0.obj
 0004:00000078       $pdata$_DllMainCRTStartup  0000000180018078     LIBCMT:dllcrt0.obj
 0004:00000084       $pdata$__DllMainCRTStartup 0000000180018084     LIBCMT:dllcrt0.obj
 0004:00000090       $pdata$__raise_securityfailure 0000000180018090     LIBCMT:gs_report.obj
 0004:0000009c       $pdata$__report_gsfailure  000000018001809c     LIBCMT:gs_report.obj
 0004:000000a8       $pdata$_call_reportfault   00000001800180a8     LIBCMT:invarg.obj
 0004:000000b4       $pdata$_invalid_parameter  00000001800180b4     LIBCMT:invarg.obj
 0004:000000c0       $pdata$_invalid_parameter_noinfo 00000001800180c0     LIBCMT:invarg.obj
 0004:000000cc       $pdata$_invoke_watson      00000001800180cc     LIBCMT:invarg.obj
 0004:000000d8       $pdata$__freetlocinfo      00000001800180d8     LIBCMT:localref.obj
 0004:000000e4       $pdata$__updatetlocinfo    00000001800180e4     LIBCMT:localref.obj
 0004:000000f0       $pdata$_updatetlocinfoEx_nolock 00000001800180f0     LIBCMT:localref.obj
 0004:000000fc       $pdata$__initmbctable      00000001800180fc     LIBCMT:mbctype.obj
 0004:00000108       $pdata$?getSystemCP@@YAHH@Z 0000000180018108     LIBCMT:mbctype.obj
 0004:00000114       $pdata$?setSBCS@@YAXPEAUthreadmbcinfostruct@@@Z 0000000180018114     LIBCMT:mbctype.obj
 0004:00000120       $pdata$?setSBUpLow@@YAXPEAUthreadmbcinfostruct@@@Z 0000000180018120     LIBCMT:mbctype.obj
 0004:0000012c       $pdata$__updatetmbcinfo    000000018001812c     LIBCMT:mbctype.obj
 0004:00000138       $pdata$_setmbcp            0000000180018138     LIBCMT:mbctype.obj
 0004:00000144       $pdata$_setmbcp_nolock     0000000180018144     LIBCMT:mbctype.obj
 0004:00000150       $pdata$_tolower_l          0000000180018150     LIBCMT:tolower.obj
 0004:0000015c       $pdata$_freefls            000000018001815c     LIBCMT:tidtable.obj
 0004:00000168       $pdata$_freeptd            0000000180018168     LIBCMT:tidtable.obj
 0004:00000174       $pdata$_getptd             0000000180018174     LIBCMT:tidtable.obj
 0004:00000180       $pdata$_getptd_noexit      0000000180018180     LIBCMT:tidtable.obj
 0004:0000018c       $pdata$_initptd            000000018001818c     LIBCMT:tidtable.obj
 0004:00000198       $pdata$_mtinit             0000000180018198     LIBCMT:tidtable.obj
 0004:000001a4       $pdata$_mtterm             00000001800181a4     LIBCMT:tidtable.obj
 0004:000001b0       $pdata$__doserrno          00000001800181b0     LIBCMT:dosmap.obj
 0004:000001bc       $pdata$_dosmaperr          00000001800181bc     LIBCMT:dosmap.obj
 0004:000001c8       $pdata$_errno              00000001800181c8     LIBCMT:dosmap.obj
 0004:000001d4       $pdata$_locterm            00000001800181d4     LIBCMT:wsetloca.obj
 0004:000001e0       $pdata$_XcptFilter         00000001800181e0     LIBCMT:winxfltr.obj
 0004:000001ec       $pdata$__crtCorExitProcess 00000001800181ec     LIBCMT:crt0dat.obj
 0004:000001f8       $pdata$__crtExitProcess    00000001800181f8     LIBCMT:crt0dat.obj
 0004:00000204       $pdata$__freeCrtMemory     0000000180018204     LIBCMT:crt0dat.obj
 0004:00000210       $pdata$_amsg_exit          0000000180018210     LIBCMT:crt0dat.obj
 0004:0000021c       $pdata$_cinit              000000018001821c     LIBCMT:crt0dat.obj
 0004:00000228       $pdata$_init_pointers      0000000180018228     LIBCMT:crt0dat.obj
 0004:00000234       $pdata$_initterm           0000000180018234     LIBCMT:crt0dat.obj
 0004:00000240       $pdata$_initterm_e         0000000180018240     LIBCMT:crt0dat.obj
 0004:0000024c       $pdata$doexit              000000018001824c     LIBCMT:crt0dat.obj
 0004:00000258       $pdata$_heap_init          0000000180018258     LIBCMT:heapinit.obj
 0004:00000264       $pdata$_ioinit             0000000180018264     LIBCMT:ioinit.obj
 0004:00000270       $pdata$_ioterm             0000000180018270     LIBCMT:ioinit.obj
 0004:0000027c       $pdata$_setargv            000000018001827c     LIBCMT:stdargv.obj
 0004:00000288       $pdata$parse_cmdline       0000000180018288     LIBCMT:stdargv.obj
 0004:00000294       $pdata$_setenvp            0000000180018294     LIBCMT:stdenvp.obj
 0004:000002a0       $pdata$free                00000001800182a0     LIBCMT:free.obj
 0004:000002ac       $pdata$__security_init_cookie 00000001800182ac     LIBCMT:gs_support.obj
 0004:000002b8       $pdata$__crtGetEnvironmentStringsA 00000001800182b8     LIBCMT:a_env.obj
 0004:000002c4       $pdata$__crtCaptureCurrentContext 00000001800182c4     LIBCMT:winapisupp.obj
 0004:000002d0       $pdata$__crtCapturePreviousContext 00000001800182d0     LIBCMT:winapisupp.obj
 0004:000002dc       $pdata$__crtInitializeCriticalSectionEx 00000001800182dc     LIBCMT:winapisupp.obj
 0004:000002e8       $pdata$__crtIsPackagedApp  00000001800182e8     LIBCMT:winapisupp.obj
 0004:000002f4       $pdata$__crtLoadWinApiPointers 00000001800182f4     LIBCMT:winapisupp.obj
 0004:00000300       $pdata$__crtTerminateProcess 0000000180018300     LIBCMT:winapisupp.obj
 0004:0000030c       $pdata$__crtUnhandledException 000000018001830c     LIBCMT:winapisupp.obj
 0004:00000318       $pdata$_calloc_crt         0000000180018318     LIBCMT:crtheap.obj
 0004:00000324       $pdata$_malloc_crt         0000000180018324     LIBCMT:crtheap.obj
 0004:00000330       $pdata$_realloc_crt        0000000180018330     LIBCMT:crtheap.obj
 0004:0000033c       $pdata$_RTC_Initialize     000000018001833c     LIBCMT:initsect.obj
 0004:00000348       $pdata$_RTC_Terminate      0000000180018348     LIBCMT:initsect.obj
 0004:00000354       $pdata$__C_specific_handler 0000000180018354     LIBCMT:chandler.obj
 0004:0000036c       $pdata$__GSHandlerCheck    000000018001836c     LIBCMT:gshandler.obj
 0004:00000378       $pdata$__GSHandlerCheckCommon 0000000180018378     LIBCMT:gshandler.obj
 0004:00000384       $pdata$_cfltcvt            0000000180018384     LIBCMT:cvt.obj
 0004:00000390       $pdata$_cfltcvt_l          0000000180018390     LIBCMT:cvt.obj
 0004:0000039c       $pdata$_cftoa_l            000000018001839c     LIBCMT:cvt.obj
 0004:000003a8       $pdata$_cftoe2_l           00000001800183a8     LIBCMT:cvt.obj
 0004:000003b4       $pdata$_cftoe_l            00000001800183b4     LIBCMT:cvt.obj
 0004:000003c0       $pdata$_cftof2_l           00000001800183c0     LIBCMT:cvt.obj
 0004:000003cc       $pdata$_cftof_l            00000001800183cc     LIBCMT:cvt.obj
 0004:000003d8       $pdata$_cftog_l            00000001800183d8     LIBCMT:cvt.obj
 0004:000003e4       $pdata$_cropzeros_l        00000001800183e4     LIBCMT:cvt.obj
 0004:000003f0       $pdata$_fassign_l          00000001800183f0     LIBCMT:cvt.obj
 0004:000003fc       $pdata$_forcdecpt_l        00000001800183fc     LIBCMT:cvt.obj
 0004:00000408       $pdata$_initp_misc_cfltcvt_tab 0000000180018408     LIBCMT:cmiscdat.obj
 0004:00000420       $pdata$_lock               0000000180018420     LIBCMT:mlock.obj
 0004:0000042c       $pdata$_mtdeletelocks      000000018001842c     LIBCMT:mlock.obj
 0004:00000438       $pdata$_mtinitlocknum      0000000180018438     LIBCMT:mlock.obj
 0004:00000444       $pdata$_mtinitlocks        0000000180018444     LIBCMT:mlock.obj
 0004:00000450       $pdata$__free_lconv_mon    0000000180018450     LIBCMT:initmon.obj
 0004:0000045c       $pdata$__free_lconv_num    000000018001845c     LIBCMT:initnum.obj
 0004:00000468       $pdata$__free_lc_time      0000000180018468     LIBCMT:inittime.obj
 0004:00000474       $pdata$?__crtLCMapStringA_stat@@YAHPEAUlocaleinfo_struct@@PEB_WKPEBDHPEADHHH@Z 0000000180018474     LIBCMT:a_map.obj
 0004:00000480       $pdata$__crtLCMapStringA   0000000180018480     LIBCMT:a_map.obj
 0004:0000048c       $pdata$?__crtGetStringTypeA_stat@@YAHPEAUlocaleinfo_struct@@KPEBDHPEAGHH@Z 000000018001848c     LIBCMT:a_str.obj
 0004:00000498       $pdata$__crtGetStringTypeA 0000000180018498     LIBCMT:a_str.obj
 0004:000004a4       $pdata$_isctype_l          00000001800184a4     LIBCMT:isctype.obj
 0004:000004b0       $pdata$_isleadbyte_l       00000001800184b0     LIBCMT:_wctype.obj
 0004:000004bc       $pdata$isleadbyte          00000001800184bc     LIBCMT:_wctype.obj
 0004:000004e0       $pdata$wcscat_s            00000001800184e0     LIBCMT:wcscat_s.obj
 0004:000004ec       $pdata$wcscpy_s            00000001800184ec     LIBCMT:wcscpy_s.obj
 0004:000004f8       $pdata$wcsncpy_s           00000001800184f8     LIBCMT:wcsncpy_s.obj
 0004:00000504       $pdata$GetTableIndexFromLocaleName 0000000180018504     LIBCMT:winapinls.obj
 0004:00000510       $pdata$__crtDownlevelLocaleNameToLCID 0000000180018510     LIBCMT:winapinls.obj
 0004:0000051c       $pdata$__crtLCMapStringEx  000000018001851c     LIBCMT:winapinls.obj
 0004:00000528       $pdata$_FF_MSGBANNER       0000000180018528     LIBCMT:crt0msg.obj
 0004:00000534       $pdata$_NMSG_WRITE         0000000180018534     LIBCMT:crt0msg.obj
 0004:00000540       $pdata$_IsNonwritableInCurrentImage 0000000180018540     LIBCMT:pesect.obj
 0004:0000054c       $pdata$__onexitinit        000000018001854c     LIBCMT:onexit.obj
 0004:00000558       $pdata$_onexit             0000000180018558     LIBCMT:onexit.obj
 0004:00000564       $pdata$atexit              0000000180018564     LIBCMT:onexit.obj
 0004:00000570       $pdata$?terminate@@YAXXZ   0000000180018570     LIBCMT:hooks.obj
 0004:0000057c       $pdata$_initp_eh_hooks     000000018001857c     LIBCMT:hooks.obj
 0004:00000588       $pdata$_callnewh           0000000180018588     LIBCMT:handler.obj
 0004:00000594       $pdata$raise               0000000180018594     LIBCMT:winsig.obj
 0004:000005d0       $pdata$__initstdio         00000001800185d0     LIBCMT:_file.obj
 0004:000005dc       $pdata$__endstdio          00000001800185dc     LIBCMT:_file.obj
 0004:000005e8       $pdata$_lock_file          00000001800185e8     LIBCMT:_file.obj
 0004:000005f4       $pdata$_lock_file2         00000001800185f4     LIBCMT:_file.obj
 0004:00000600       $pdata$?x_ismbbtype_l@@YAHPEAUlocaleinfo_struct@@IHH@Z 0000000180018600     LIBCMT:ismbbyte.obj
 0004:0000060c       $pdata$strcpy_s            000000018001860c     LIBCMT:strcpy_s.obj
 0004:00000624       $pdata$malloc              0000000180018624     LIBCMT:malloc.obj
 0004:00000630       $pdata$realloc             0000000180018630     LIBCMT:realloc.obj
 0004:0000063c       $pdata$_calloc_impl        000000018001863c     LIBCMT:calloc_impl.obj
 0004:00000648       $pdata$isdigit             0000000180018648     LIBCMT:_ctype.obj
 0004:00000654       $pdata$strrchr             0000000180018654     LIBCMT:strrchr.obj
 0004:00000660       $pdata$_fptostr            0000000180018660     LIBCMT:_fptostr.obj
 0004:0000066c       $pdata$__crt_atoflt_l      000000018001866c     LIBCMT:atodbl.obj
 0004:00000678       $pdata$_atodbl_l           0000000180018678     LIBCMT:atodbl.obj
 0004:00000684       $pdata$__dtold             0000000180018684     LIBCMT:cfout.obj
 0004:00000690       $pdata$_fltout2            0000000180018690     LIBCMT:cfout.obj
 0004:0000069c       $pdata$__isa_available_init 000000018001869c     LIBCMT:cpu_disp.obj
 0004:000006b4       $pdata$_set_error_mode     00000001800186b4     LIBCMT:errmode.obj
 0004:000006c0       $pdata$__crtMessageBoxW    00000001800186c0     LIBCMT:crtmboxw.obj
 0004:000006cc       $pdata$_msize              00000001800186cc     LIBCMT:msize.obj
 0004:000006d8       $pdata$abort               00000001800186d8     LIBCMT:abort.obj
 0004:000006e4       $pdata$_fileno             00000001800186e4     LIBCMT:fileno.obj
 0004:000006f0       $pdata$_isatty             00000001800186f0     LIBCMT:isatty.obj
 0004:000006fc       $pdata$_fflush_nolock      00000001800186fc     LIBCMT:fflush.obj
 0004:00000708       $pdata$_flush              0000000180018708     LIBCMT:fflush.obj
 0004:00000714       $pdata$flsall              0000000180018714     LIBCMT:fflush.obj
 0004:00000720       $pdata$_fcloseall          0000000180018720     LIBCMT:closeall.obj
 0004:0000072c       $pdata$_ld12tod            000000018001872c     LIBCMT:intrncvt.obj
 0004:00000738       $pdata$_ld12tof            0000000180018738     LIBCMT:intrncvt.obj
 0004:00000744       $pdata$__strgtold12_l      0000000180018744     LIBCMT:strgtold.obj
 0004:00000750       $pdata$$I10_OUTPUT         0000000180018750     LIBCMT:x10fout.obj
 0004:0000075c       $pdata$_commit             000000018001875c     LIBCMT:commit.obj
 0004:00000768       $pdata$_write              0000000180018768     LIBCMT:write.obj
 0004:00000774       $pdata$_write_nolock       0000000180018774     LIBCMT:write.obj
 0004:00000780       $pdata$_fclose_nolock      0000000180018780     LIBCMT:fclose.obj
 0004:0000078c       $pdata$fclose              000000018001878c     LIBCMT:fclose.obj
 0004:00000798       $pdata$__mtold12           0000000180018798     LIBCMT:mantold.obj
 0004:000007a4       $pdata$__lock_fhandle      00000001800187a4     LIBCMT:osfinfo.obj
 0004:000007b0       $pdata$_free_osfhnd        00000001800187b0     LIBCMT:osfinfo.obj
 0004:000007bc       $pdata$_get_osfhandle      00000001800187bc     LIBCMT:osfinfo.obj
 0004:000007c8       $pdata$_lseeki64_nolock    00000001800187c8     LIBCMT:lseeki64.obj
 0004:000007d4       $pdata$_mbtowc_l           00000001800187d4     LIBCMT:mbtowc.obj
 0004:000007e0       $pdata$_putwch_nolock      00000001800187e0     LIBCMT:putwch.obj
 0004:000007ec       $pdata$_close              00000001800187ec     LIBCMT:close.obj
 0004:000007f8       $pdata$_close_nolock       00000001800187f8     LIBCMT:close.obj
 0004:00000804       $pdata$_freebuf            0000000180018804     LIBCMT:_freebuf.obj
 0004:00000810       $pdata$__termconout        0000000180018810     LIBCMT:initcon.obj
 0004:0000081c       $pdata$__initconout        000000018001881c     LIBCMT:initcon.obj
 0004:00000828       $pdata$__delayLoadHelper2  0000000180018828     DelayImp:delayhlp.obj
 0004:00000834       $pdata$_CRT_INIT$fin$0     0000000180018834     LIBCMT:dllcrt0.obj
 0004:00000840       $pdata$__DllMainCRTStartup$filt$0 0000000180018840     LIBCMT:dllcrt0.obj
 0004:0000084c       $pdata$_locterm$fin$0      000000018001884c     LIBCMT:localref.obj
 0004:0000084c       $pdata$__updatetlocinfo$fin$0 000000018001884c     LIBCMT:localref.obj
 0004:00000858       $pdata$__updatetmbcinfo$fin$0 0000000180018858     LIBCMT:mbctype.obj
 0004:00000858       $pdata$_setmbcp$fin$0      0000000180018858     LIBCMT:mbctype.obj
 0004:00000864       $pdata$_freefls$fin$1      0000000180018864     LIBCMT:tidtable.obj
 0004:00000864       $pdata$_initptd$fin$1      0000000180018864     LIBCMT:tidtable.obj
 0004:00000870       $pdata$_initptd$fin$0      0000000180018870     LIBCMT:tidtable.obj
 0004:00000870       $pdata$_freefls$fin$0      0000000180018870     LIBCMT:tidtable.obj
 0004:0000087c       $pdata$doexit$fin$0        000000018001887c     LIBCMT:crt0dat.obj
 0004:00000888       $pdata$_ioinit$fin$0       0000000180018888     LIBCMT:ioinit.obj
 0004:00000894       $pdata$_mtinitlocknum$fin$0 0000000180018894     LIBCMT:mlock.obj
 0004:000008a0       $pdata$_IsNonwritableInCurrentImage$filt$0 00000001800188a0     LIBCMT:pesect.obj
 0004:000008ac       $pdata$_onexit$fin$0       00000001800188ac     LIBCMT:onexit.obj
 0004:000008b8       $pdata$raise$fin$0         00000001800188b8     LIBCMT:winsig.obj
 0004:000008c4       $pdata$flsall$fin$0        00000001800188c4     LIBCMT:fflush.obj
 0004:000008d0       $pdata$flsall$fin$1        00000001800188d0     LIBCMT:fflush.obj
 0004:000008dc       $pdata$_fcloseall$fin$0    00000001800188dc     LIBCMT:closeall.obj
 0004:000008e8       $pdata$_write$fin$0        00000001800188e8     LIBCMT:write.obj
 0004:000008f4       $pdata$fclose$fin$0        00000001800188f4     LIBCMT:fclose.obj
 0004:00000900       $pdata$__lock_fhandle$fin$0 0000000180018900     LIBCMT:osfinfo.obj
 0004:0000090c       $pdata$_close$fin$0        000000018001890c     LIBCMT:close.obj
 0004:0000090c       $pdata$_commit$fin$0       000000018001890c     LIBCMT:close.obj
 0005:00000060       $R000000                   0000000180019060     * linker generated manifest res *

 Exports

  ordinal    name

        1    _register_addon_
